Linda Davis
the Saint Lawrence River
July 5 , 2018
Roy Raymond
2002
Charles Cornwallis
Motown
Sauron
close to the poles
Queen Hippolyta
Paul
ear
Meat Loaf
in the epididymis
September 1977
1966
3 October 1942
Law Officers of the Crown
Urchins
Phil Bardsley
vertebrates
the Ingres Museum
Andy Griffith
Brazil
Cyndi Lauper
Artax
Alexander Graham Bell
Drake
Blair
Foxborough , Massachusetts
Ari Lehman
Pittsburgh Steelers
Sonny Bono
England
Hugo Weaving
Roger Federer
nine
Neil Gorsuch
Eoghan McDermott
June 6 , 2017
2001
Jane Taylor
2008
Estelle Harris
Roger Miller
Jennifer Saunders
Slider
Official Remix
Linsey Godfrey
December 22 , 2017
Boris Karloff
Melanie
Thomas Joseph Thibodeau Jr.
Dylan and Cole Sprouse
Michael Manning
Epistle to the Galatians
15 March 1950
Bobby Hurley
Suzanne Siegel
Sulkin
In leaves
Miloš Forman
Steven Robert Weber
Phoenix Mills Limited
332
John Shanks
2018
James Dornan
late 14th - century
1941
January 1982
2003
rest cure
May 28 , 2018
in the early 2nd century
5,100
June 5 , 2017
Faber College
Sandra Day O'Connor
Tina Charles
1929
Gene Autry
a right triangle
animal products
Melora Hardin
the evaporation of seawater
December 15 , 1791
Washington
Yuyutsu
River Lea
August 14 , 2017
Gulf Breeze
Petrarch
Tyler Marcel Williams
Constance Towers
Dave Johnson
the lungs
1689
1660s to 1730s
12 to 14 days
The south lawn
Mariana Trench
Jerry Seinfeld
Strasbourg
an upper semi-circular arch
Bob Hoskins
Pete Seeger
2003
Collingwood
Article I , Section 2
Mrs. Voorhees
1845
Monster 's Legacy
1908
Christopher Columbus
1934
82
May 15 , 2017
on June 29 , 2018
April 30 , 1916
Electroencephalography ( EEG )
Schwann cells
Joseph Peter Spano
Charles , Prince of Wales
mechanical waves
traces of methane
internal energy
United States
Venkaiah Naidu )
Cedar Falls , Iowa
Martin Short
six volumes
Ross Geller
Ed Sheeran
Six
Germany
Denver Broncos
The Six Grandfathers
1989
Kathy Steinberg
seven
Wicked Witch of the West
The Five Du - Tones
Bill Nighy
Rosaline
Bridget Driscoll
fourth dynasty Egyptian Pharaoh Khufu
2005
Middlesbrough
mericarp
March 19 , 1918
John Krasinski
10,000 years ago
Solomon Burke
European theatre
8 March 2018
Louis Riel
2004
Michael Jackson
Abelmoschus esculentus
Samarra
Noomi Rapace
Mary Eileen McDonnell
late Carboniferous period
Gregory Jack Biffle
March 27 , 2018
Lori
The Irish Sea
one
igneous
pulsars
Don Diamont
the Charlotte Hornets
Jim Peterik
Ranjit Singh
Georgia Bulldogs
2014
Screwed
Manchester United
Ananias
the eighth season
Carl Dean Switzer
Sir Harry Johnston
mid-1950s
the Virginia Company of London
1842
1956
Emma Stone
the probation officer
32 teams
Charlie Daniels Band
January 8 , 2018
Europe / London
31 May 2009
June 15 , 2018
Santa Monica
January 12 , 2018
Thomas Andrew Felton
Supreme Court
Jacob
December 20 , 2017
Hans Zimmer
Cape Gracias a Dios
a wreath of ivy
season seven
Mark Lenard
1754
Russia
Anthony Hope
William Thomas Sadler
1754
1973
Teddy Bishop
Joseph Kahn
Collingwood Football Club
Gillian Jacobs
John Roberts
Quasi-judicial tribunals
rhomboid major
Roman Peace
Bartlesville and Pawhuska , Oklahoma
Majandra Delfino
Anglican
Gwent
papillae
June 28 , 2004
Barry Gibb
March 3 , 1931
Hans Christian Gram
first published in 1978
May 31 , 2018
Hebrew
1973
Andhra
16 November 2003
within the cytoplasm
General Electric
June 1944
Derek Hough
Carl August
Hugo Münsterberg
Thomas Jefferson
Alamosa
Piano Man
December 6 , 1865
Dulquer Salmaan
Tyler Hubbard
Kristin Kreuk
Peter Cetera
Lokoja in Nigeria
1972
1982
surfing
Charity & Andres
Henry VIII
14 June
Gordie Lachance
Akshay Kumar
August 24 , 2017
The East India Company
13
White
K. Flay
nonpartisan blanket primary
Constantine
Tony Jay
Government of British India
in west central Colorado
Japan
Del the Funky Homosapien
the medulla oblongata
2002
Nathan Hale
Juan Williams
larger states
Russia
1960
1931
Foreign Service Officer
2012
1939
10
August , 2016
Sowerberry , the undertaker
tuberculosis
Charles , Prince of Wales
Dallas Carter High School
Tim Roth
pay reparations
2 November 1982
June 17 , 1885
bicycle race
Beastie Boys
Gemma Elizabeth Whelan
Natalie Hemby
Stealers Wheel .
1900
Gateholm island
two teams of eleven players
Sunday , 2 September
21 July 2007
$2 billion
Beijing
Lord Petyr Baelish
President Theodore Roosevelt
Robins
sixth - generation
Walnut Grove , Minnesota
1996
Daylight saving time
District of Columbia
Rhett Butler
1938
40
Colonel Reginald Dyer
women
December 2017
tympanon
May 1950
saliva
sometime in 2019
South Carolina
Croatia
Nancy
private and non-federal public sources
4,038
1607 in Jamestown , Virginia
Price / Dividend ratio
Jigsaw
ten
Ozarks of Missouri
Steve Coogan
Manchester United
Chris Rock
beginning of Season 8
Middle Island
Collabro
Ceallach Spellman
Taveuni , Fiji
France
James Mason
2003
Anne - Marie Johnson
Dinah Washington
15 September 1916
use natural language elements
at the most $300,000
Boston Celtics
Real Madrid
Rob Davis
Judith Anderson
Lori Lieberman
Vee
United States national parks
1911
1975
Alan Merrill
8,569
Pete the Pup
Chevrolet SS
Midway City
432 Park Avenue
Liberty Plains
June 12 , 2009
Crook Brothers
1,356
in 1813
Justin Henry
October 24
Pelé
Burl Ives
Joe Penny
impacts
sinoatrial node
Tracey Elizabeth Bregman
vibranium
John Derek
Linwood Boomer
Hylton v. United States
Communist Party of China
the bank
New York Giants
left hand ring finger
LL Cool J.
August 28 , 2018
Silentó
March 7 , 2013
Nabil Elouahabi
Lin'an
1976
Victor Espinoza
J. Michael Finley
John Lennon
Brazil
nine
Miroslav Klose
2001
subcompact crossover SUV
Murphy
Ari Lehman
Charlie Heaton
Kevin Kadish
thalamus
LeBron James
Georges Benjamin Clemenceau
Mandalay Bay hotel
Tony Orlando and Dawn
George David Weiss
Guwahati and Shillong , India
Callan McAuliffe
the 2013 season
Municipal Governments
1776
Tommy McCairns
June 1 , 2014
Daisy Ridley
$400,000 annual
The Stanley Hotel
Ryan Reed
1994
East Pakistan
Headey
Flash Thompson
Dillon Francis
Bengali folk singer Hemanga Biswas
Todd Michael Haberkorn
laxative
Mask
Peter Claver Cullen
U.S. state
Microsoft
Sibling Rivalry
Om Puri
17 months
geothermal heat flux
the postcentral gyrus
The Four Voices
Kim Il - Sung
Australian singer Kylie Minogue
Bring It On
Kristoff St. John
Ian Hunter
American R&B singer SZA
manifest destiny
Charles Albertine
Transitional epithelium
Fever Ray
Jackie DeShannon
North Sea
Lacey Turner
Luke Bryan
Big & Rich
Ezekiel
1894
Michel Gill
1958
Bob Dylan
Sledgehammer Games
Truly
7
Carol Channing
bone marrow
1965
2.9 % of GDP
Christopher Marlowe 's
Jonathan Melvoin
Benjamin Harrison
Brittany Cherry
a son named Atreus
fungus
Katherine Heigl
France
gland
Condensation
David Keith
June to September
Carole King
Universal Orlando
1990
Sally Ann Howes
6 %
Amendment V
Justin Long
the New World Stages complex
September 2012
16 January 1992
Uverworld
Helena Bonham Carter
April 11 , 2018
Terry Jacks
1928
September 8 , 2017
Karnataka
Lily Aldrin
Tissue heart valves
pitot tube
Wallace Michael Shawn
European
Randy Meisner
The number 42
1977
Saturus , another Christian martyred
Green
April 1917
Jonathan Edwards
Joseph Drake
skilled labor
Eric Stonestreet
Greg Maddux
Leon Ames
Howard Hesseman
Elinor
Tony Arata
1998
Randall Flagg
Microsoft Office 2016
Belmont Stakes
Nick Robinson
is a French expression
Diana 's attendant , Opis
Kenny Baker
2013
five
Beyoncé Knowles - Carter
Los Angeles Dodgers
Phil Collins
Melissa Etheridge
Telkom
Basanto utsav
Natasha Kaplinsky
March 27 , 2018
for the transfer of securities
District of Columbia
Jason Marsden
The Virginia Plan
Coal
Scarlett Johansson
actual malice
AnnaSophia Robb
May 1 , 2018
the 1990s
the 180th meridian
Brazil
2006
Himachal Pradesh
Michigan
November 19 , 2004
Jean de Dunois
323 people
an electoral college
ricotta
nearby geothermal power plant Svartsengi
2014
1966
the Indian subcontinent
Black Knight Sports & Entertainment
1963
22
New York City
Bhisham Sahni
Cher
Mercedes
1980
October 2015
distance travelled by the vehicle
Union
Ted Simonett
Bailee Madison
678 - 999 - 8212
age of five
1821
2013
May 30 , 2003
Xenia Deli
durable means of transport
Alice Krige
technically still at war
13
Sophia Myles
The State of New York
Gwen McCrae
Bayern Munich
1996
Rob Cantor
William Laws Calley Jr.
government
Paracetamol poisoning
2011
an online virtual world
John and T.J. Osborne
Haiti
Selby Baqwa
Petty
Red Hood
polymyxins
cell cycle
October 18 , 1961
seven
12.5
Trixie Mattel
The Jordanaires
60
bricks
meerkat
Kyrie Irving
Christina Moore
Bailee Madison
Surat , India
in 1887
Edmund Cartwright
France and Great Britain
mitzvah
September 6 , 2018
Ken Curtis
Neil Patrick Harris
435
2003
Dean Winters
Ludwig van Beethoven
Gwen McCrae
Japan
ring form
Los Angeles
José Alejandrino
June 30 , 1971
ten
North Charleston
Linda McCartney
Susan Bennett
loosely based
December 22 , 2017
Nick Kroll
Chaka Khan
Philadelphia
Randy Newman
Eric Garcetti
Republic
International Date Line
1922
novel
Kelly Stables
British bacteriologist Frederick Griffith
Kandi Burruss
probability of default
May 8 , 1994
France
Jerry Leiber and Mike Stoller
seven
Iceland
Joe DiMaggio
1966
March 13 , 2018
best - of - seven
observation and telecommunications
The Mariana Trench
Paul Kaye
Barbara Eden
Samaveda
baked beans
April
sewage
Indian Ocean
Bob Saget
Brian Griese
Diane Ray
Dallas Davidson
Jay Hawkins
Thanksgiving
Patrick Stewart
thirteen
Loretta Lynn
Kristin Kreuk
mongrel
Chromolaena odorata
Vancouver , British Columbia
Charlie Puth
3 July 2007
$40,000
London Eye
Jeffrey Garcia
young helper
1971 Holden Kingswood
66,135
Nishiyama Onsen Keiunkan
1991
August 1966
1970
Paul William Walker IV
2014
Spot
Constance Shulman
July 14 , 1983
Suge Knight
Pushyagupta
cadmium
Greenland
Ron Wasserman
Sebastian Shaw
Mackenzie Foy
Rod Stewart ( 1977 )
10,873
Egypt
Pope Gregory I
River Wye
Yuzuru Hanyu
blasphemy
September 28 , 2018
1933
Eric Carmen
1987
14 January 1960
Elvin Bishop
London
Walk the Moon
patent holding companies
constituency
Ramadan
Margot Kidder
2020
Joni Mitchell
The Spanish
defendant
the cellos
January 3 , 1959
four
Joey Scott
Milton French - Stewart
1951
sacred fig
at least 20
India
Sherwood Forest
OS X El Capitan
Magnus Maximus
Dean Mahomed
single - member districts
Paul Zerdin
Greater Antilles on the north
CB77 Super Hawk
Prince
Amsterdam
1971
Martin Van Buren
his eyes healed
Lou Reed
Argentina
Cybill Shepherd
Albert Einstein
typical Antarctic tundra
Mindanao
Sadashivrao Bhau
Gary Oldman
1972
once
Jerry Bock
Detroit , Michigan
left side
public
675 AD
Saint Ignatius ' College
Taylor
President Dwight Eisenhower
4,726
The Fray
1939
Laura Dern
the March Hare
The Stone Age
Clearing habitats for agriculture
Evvie McKinney
James Jamerson
Stephen A. Douglas
rarely
Randy Newman
Alberto Testa
sidereal year
The Rundown
Justin Tyler Berfield
October 27 , 2014
Nick Cannon
1707
Susan Tedeschi
Sting
mid-1988
Baha Men
Carey Mulligan
Oldman
Grace Avery VanderWaal
Tenth Amendment
Barry Bonds
Snidely Whiplash
Jennifer Holliday
Lacey Chabert
Jay Baruchel
Laika
Mary Shelley
Wakanda
Adam Lanza
September 7 , 2005
Blood
Donna Paige Helmintoller
Philip Worth
Peter Dinklage
$2.75
Todd Robert Bowles
approximately 200,000 years ago
China
tonsil stones
3,890
wave packet
1876
LA
Jenna Ortega
Eritrea
Baymax
Sharad Malhotra
1978
gravity
24
6
Jerry Greenfield
Mila Kunis
29 November 2010
Ibrahim and Ishmael
13 June 2003
Spanish
Toto
three or more cards
2003
Hills Village Middle School
22 %
Queen
Alexa
28 January
enters the citric acid cycle
English
nine
Charles Waldegrave
55 %
September 26 , 2017
Makardhwaja
shahādah
The Alps
September 25 , 2015
6 April 1652
singer Makayla Phillips
Ryan Seacrest and Jenny McCarthy
Saint Peter
Joan Cusack
Anguillara Sabazia
Sergeant
in 1348
Joseph Barbera
Number One Observatory Circle
Indiana Evans
1982
President
Cleveland Indians
Freaks and Geeks
Renton , Washington
Colorado River
Iraq
Robert Oppenheimer
1857
New England Patriots
Jamie Dornan
late 1880s ,
Mobile , Alabama
country music artist Dierks Bentley
inverse proportionality
Parson James
Shashank Manohar
the Animals
Sony Pictures Animation
Barone
House of Representatives
Sunshine
Zendaya
16,000 years ago
Joseph P. Webster
December 1972
Titus Welliver
We are
Joe Cocker
11 November 1918
Kristen Joy Schaal
Juliette , Georgia
Vancouver
cumulonimbus
Melissa Reese
Japan
Ella Baker
1992
Honoré Mirabeau
Cameron
Thirteen Colonies
Southeast D.C.
Mary Elizabeth Mastrantonio
civil liberties
October 31 , 2011
Welding
1954
Sir Walter Raleigh
Sous chef Heather West
southern Aitkin County
Samuel Francis Smith
J. Michael Finley
44
1991
the enterocyte
Colony and Dominion of Virginia
1934
1585
2018
Wisconsin
Max Weber
late 1980s
group A streptococcus
Dwight D. Eisenhower
Constitutional law
2,700
metacarpals
Rose Royce
Matt Prater
Mary Hopkin
Western Bulldogs
the Communist Party of China
Cawker City , Kansas
March 13 , 2018
Eastern Conference
Venice
Melanie Paxson
the House of Representatives
2006
Brian Earl Thompson
Cillian Murphy
Pamulaparti Venkata Narasimha Rao
JR Motorsports
Bloodhound Gang
tuberculosis
hereditary revenues of the Crown
Cliff Edwards
Terry Kiser
June 29 , 2018
England
Bruno Mars
podiatrist
March 19 , 2018
Socrates
French Garden
1856
A Game of Thrones
loving oneself ,
Lancashire
over 90
eastern Australia
Aesop
the candy - counter girl
the Allied Powers
2010
Confederate forces
Madison Nicole Ziegler
Tim Rice
2011
Free
1928
spread of French culture
Pert Kelton
10cc
DNCE and Kings of Leon
Janine Lindemulder
Kristin Kreuk
Jerry Lee Lewis
Andrew Clement Serkis
Gary Sandy
Blake Berris
Pink Floyd
John Adams
high birth rate
Dan Humphrey
Jordan Ross Belfort
Shane McAnally
the mid 1500s
10
The Roman Republic
September 19 , 2014
Freddie Highmore
the Western Bulldogs
Joe Walsh
the early 20th century
cookery writer Delia Smith
nerd
Canada
January 26 , 2018
Typhidot
Doug Jones
Philadelphia
Toronto , Ontario , Canada
1989
in the stomach
Keith Richards
Mahatma Gandhi
in the fourth - century
Florence 's Galleria dell'Accademia
6
15
1945
The dermis
Macbeth
Streetband
promiscuous
Ignite Me
West Virginia
Tommy 's Tunes
teppanyaki
1968
Gwyneth Paltrow
Kacey Musgraves
thirty minutes
Executive Residence
The Genie
Sarah McLachlan
Milan
Guyana
leu
Russia
late nineteenth century
1935
to trade with Chinese markets
Mike Ditka
James Arnold Taylor
in 2009
Night Watch
1888
Florence , Arizona
PAYE
March 8 , 1965
Arlington County , Virginia
James Remar
Shepperton Studios
Collabro
The Yellow Sea
Ne - Yo
8
intramolecular force
87.5
Oakland Athletics
Gary Cole
Gilbert Gottfried
five
the Samuel Goldwyn Studio
the southeast corner of Virginia
16th century
September 27 , 2017
Hilary
two
Duffy
Anableps
12 February 2012
Brad Pitt
Vice President
Russ Ballard
January 2013
2016
the pyloric valve
Bank of America Stadium
1 January 1999
1859
April 1 , 2012
United States
The Longest Yard
Jesse Leach
1928
2006
the cubic metre
Henry Burton
Tom Holland
Rabindranath Tagore
Quincy Jones
Iran
Mishael Morgan
1968
a pivot joint
Tico Wells
Eddie Redmayne
Dominance
Noel Harrison
Taylor Michel Momsen
1
Erik Jones
the ordinate
Andrew Lloyd Webber
Molly Dobbs
1996
West Bengal
every autumn
thigh meat
Jane Frances Kaczmarek
Art Walunas
2016
encouraging settlement
twelve
Garland
Gabrielle Union
September 27 , 2017
Taylor Swift
The Marshall Tucker Band
Julius Caesar
Aerosmith
Indian River County
March 30 , 2018
Celtics
247
Shō
September 9 , 1850
Sean Patrick Astin
the seventh Disney Princess
Lucas
David Nolan
America Ferrera
Mikhail Gorbachev
1978
Cher
Adolf Hitler
September 13 , 1996
Musée d'Orsay in Paris
Misery
Jack
The states
Peter Paul Montgomery Buttigieg
September 5 , 2018
Courtney Thorne - Smith
Genevieve Goings
Casino Night
The Alps
1998
Congress
Douglas Adams
1837
Jordan Fisher
Jesse Fuller
Congress
1994
University of Albuquerque
Internet Layer
Etruscan
1945
Merle Haggard and Bonnie Owens
Wings
Joey King
C.V. Raman
Andy Bernard
1973
St John 's Wood
Harry Chapin
Christianity
James Madison
1741
acronym
Christian
Nevada National Security Site
Applebee 's
implied powers
270
OneRepublic frontman Ryan Tedder
bay
Gone with the Wind
Woodrow Wilson
June 2018
Sèvres , France
July 16 , 2017
2016
Goat
Dan Stevens
December 11 , 1962
throughout the body
In August 2011
Mariora Goschen
Taylor Michel Momsen
governmental
Krantivira Sangolli Rayanna
Aro
October 11 , 2011
1965 .
2018
Thomas Jefferson
1624
Alexandra Daddario
March 31 , 2017
Marty Robbins
Christianity
east of the Rocky Mountains
February 1952
Special districts
Kevin Kline
Alec Baldwin
74 days
John Lennon
Andy Hill
Darby Slick
Ponyboy Curtis
Vivienne Segal
Percy Sledge
Nicolaus Copernicus
Daniel Coulter Reynolds
Gal Gadot
Wilbur
September 13 , 1969
gentile audience
74
Oscar Isaac
1966
Atlanta Falcons
Malcolm Arnold
acrostic
On June 17 , 1885
Tony Curran
Paris Saint - Germain
Darius Perkins
Renée Coleman
1779
Packers
Ciprofloxacin
1978
17th century
1997
Cartoon Network
Radha Mohan Singh
Brooks Koepka
49 CFR 71
sinoatrial node
Deko
nuclear transmutation
Dan Stevens
Dr. Harsh Vardhan
1964
over 390
2010
contract
Rajasthan
H.H. Asquith
1896
Karen Gillan
Shea Whigham
South Korea
day of Pentecost
IE7
seven
V10 FSI
1952
31 December 1687
BC Jean
in the middle ear
the American Revolutionary War
the Assemblies
Mikhail Lomonosov
December 28 , 1987
ancient Athens
Han
atoms
2019
The Government of British India
March 7 , 2018
work for hire
debt ceiling
Wendy Kilbourne
Ben Glover
early advanced cardiac life support
2
five
Paul Reubens
Nelly
the Yardbirds
three
Disneyland Park
Billy Ray Cyrus
Klymaxx
Hamblen
Gerald Anthony Scarfe
1 March 1973
Egypt
Immanuel Wallerstein
in the Seattle area
Human fertilization
Thomas Robert Malthus
slightly less than 50 %
Adam Driver
Paul Simon
full turgor
Oakland , California
ancient Roman Senate
Megan Park
16
approximately 16,000 students
northern Europe
1990
Texas
Dusty Springfield
Joe
125,000
November 17 , 2017
British architect Herbert Baker
Jason Newsted
memoir
many authors over many centuries
Bryan Robson
bi-polar disorder
Black Mountain , North Carolina
Zoe McLellan
first democratic system of government
Confederate forces
April 27 , 2018
Naveen
Mel
1874
Maureen O'Hara
continental
from the east coast
Nepal
beef
1952
Lesley Gore
cyan
Jason Isaacs
Edmonton , Alberta
October 1976
the Clash
Edmund Gwenn
Ahmad Shah Durrani
Margot Robbie
Matt Lanter
first Sunday in November
James Pankow
Dalton
March 1 , 2018
$123.8 trillion
pleurisy
India
Lanka
James Edward Fleet
April Kepner
Mathieu Orfila
Aerys Targaryen
Dave Grohl
1845
various writers
William Desmond Anthony Pertwee
Lucille Ball
the Hijra
The Battle of Bunker Hill
Bob Hoskins
Stringer Bell
midway through season 5
September 3 , 2018
Jughead Jones
Elizabeth Cady Stanton
Mayweather
Tony Hawk
Confederate
Federal Acquisition Regulation
December 1 , 1969
beginning in August 2006
yearly standardized tests
2010
Richard Dormer
guide Andy Harris
Crockett
James Andrew Eric
front - wheel - drive
Jaime Elizabeth Pressly
David Alexander
131 countries
12 April 1961
Kalyan Singh
April 4 , 2017
racial minorities
Book of Genesis
July 3 , 2014
Jem Finer
2001
December 20 , 2012
Bede
Theresa May
Shakopee
Dan Stevens
Anne Ramsey
Death
Ariana Grande
51,634
Dan Stevens
Dylan Thomas Sprouse
blood gas test
1979
25 September 1915
1999
1790
United States
continental rise
2008
Pelé
Fédération Internationale de Football Association
Mojave Desert
Chicago
Brittany Snow
Honeybus
3
John F. Kennedy
Euphrates
the 1930s
The Kuiper belt
series comma
Karen Sue Trent
in New Mexico
Prince
Ghana
Blackie Parrish
An official secession convention
Robert Pershing Wadlow
Rajyavardhan Singh Rathore
Neil Young
April 5 , 2017
James S. Coleman
at least 9000 BC
Bobby Stokes
civilians
young adult mystery comedy novel
biomedical and public health research
1980
1968
Sarah Josepha Hale
Bart Millard
Charles Frederick Worth
2017
Chris Young
Paul Newman
The Dillards
Chris DuBois
Juan Sebastián Elcano
Wally Johnson
Cumberland River
1863
The House of Representatives
Ram Nath Kovind
Isaac Newton
diffusion
the eighth season
1994
a multi-purpose arena / facility
Ray Singer
Kurt Browning
cancelled after its first season
1934
crust
February 13 , 1996
Wisconsin
Fourteenth Amendment
Baltimore Ravens
Blue
April 20 , 2018
June 25 , 2018
Meiji
vegetable oil
Alexithymia
Soman Chainani
Vatican City
Anne Hathaway
Edward Bulwer - Lytton
1960
Mac Davis
$37.2 billion
Suggestive dialogue
Owen Hunt
Breed 's Hill
an oil embargo
Tatyana Marisol Ali
Paul the Apostle
Kingdom of Denmark
Heath Ledger
five
Colleen Rose Dewhurst
July 2009
July 1998
Tulsa , Oklahoma
Vancouver , British Columbia
The New Zealand National Party
about 3 %
1950
1827
late September through mid-October
Paul the Apostle
Tina Majorino
three
August 17 , 2018
13 December 1977
Kameron Michaels
cuneiform
1986
26 November 1949
Queenstown , New Zealand
January 25 , 2018
Constance Billard
population density
Union
Pandora 's Box
early 1980s
Kazuya Souma
Gabriel 's horn
a predominantly white audience
Mitribah , Kuwait
2011
Fiji
Timon and Pumbaa
The McMartin preschool trial
1930s
almost entirely of birch
coal
Estelle
1908
Vishrava
Phil Hartman
1941
Lieutenant General Charles Cornwallis
southeastern Mexico
Daniel Richard Goddard
Felicity Jones
Lynn Cartwright
five
New Delhi
1943
Portugal
abdomen
Joan Baxter
The modern steam turbine
30
Baldwin Park , California
improve European prosperity
David Spade
Michael Faraday
Sir Charles Baskerville
May 19 , 2016
eidetic memory
January 6
KJ Apa
November 7 , 2014
Ed Smith Stadium
Industrial Revolution
scrolling
2015
16th to 20th centuries
T.I.
George Harrison
Matthias Schleiden and Theodor Schwann
infected
Brian Wilson
lower assembly
pregnancy
The Marshall Tucker Band
Southern California
The Angel of Christian Charity
Vanessa Evigan
County Mayo
Logan Echolls
1974
Arabian stallion
21 August 2018
one 's environment
Dean Andrews
2010
Theodore Roosevelt
country
Lewes , Delaware
1903
January 31 , 2011
Deep Purple
13 April 2018
Fort Davis
Ekiti
carbon dioxide
March 2018
fifth planet from the Sun
the colonies of British America
Obadiah Stane
greater than 7
Erwin Brothers
Bart Millard
Abu Sufyan ibn Harb
Joseph ( David Campbell )
eleven
October 1 , 2017
Éponine
Winston cigarettes
system software
Coldstream Guards
May 28 , 2008
December 15 , 1791
February 2002
Hiroshima
Permanente Medical Groups
during a stoppage in play
74.04 percent
$25,000
Peter Tork
March 1 , 2019
Chimborazo
the United States
Philadelphia
knee joints and ankle joints
English glamour model Corinne Russell
October 7 , 2008
Sarah Hotchkiss Trendell
Houston Astros
1976
A restaurateur
Tika Sumpter
The Final Countdown
Tom Walker
Scorpions
Jackson Timothy Brundage
Candice Brown
the adrenal medulla
Shane Black
Amy Madigan
a basic word processor
Cape Cod hook
October 17 , 2017
cartilaginous joint
100 microamperes
Hugh Hurwitz
$11.00 per hour
Paul McCartney
Mayim Chaya Bialik
Daniel Isaac McGuffey
an annual financial statement
July 1980
endoplasmic reticulum
Rivers Rutherford
Secretariat
1881
Château de Chillon
Billy Boyd
Thucydides
21
18
the Empire of Japan
the United States
John Barry
2015
September 1939
Columbia University
between 1756 and 1763
a collective defence treaty
Christopher Robert Evans
Christina Aguilera
July 20 , 2018
in the sixth season
Elle Fanning
Tiber
opium
beefsteak
David Cross
September 13 , 1990
Usain Bolt
A Chorus Line
Andrew Houison
Wiltshire , England
The Buckwheat Boyz
Garth Brooks
Michigan State
Madison Nicole Ziegler
Joshua Paul Dallas
helium
compact hatchback
2008
Alvin Lee
$61,372 in 2017
October 27 , 2017
November 1935
1863
an unknown recipient
Eric Edelstein
L Brands
Major Anderson
five
Gemma and Clay
Mark Collie
the Italian city of Pisa
2006
Danny Glover
Percy Bysshe Shelley
Newt Gingrich and Dick Armey
Thomas Doherty
June 25 , 2017
Rev. Theodore Hesburgh
Nico Cristian Mirallegro
Reformers
Germany
October 13 , 2017
1765
Parliament
Orlando , Florida
venous circulation
26 September 1983
small intestine
Jonathan Adam Saunders Baruchel
Genie Francis
The Simpsons
1963
J'son
Lego
United States
Hudson River
Spencer Tracy
Qualcomm Snapdragon 835 CPU
Gene Raskin
October 18 , 1967
11 February 1929
Dave Foley
philomath
Vicki Lawrence
1970s
Sid Tepper
Thomas Doherty
supernovae
Jeff Gordon
Roxette
1,822
Amanda Marsh
Vibe
Nashville , Tennessee
in 1980
the Soviet Union
Iris
in Philadelphia , Pennsylvania
University of Central Arkansas
Big & Rich
American girl group Fifth Harmony
Wakanda
September 14 , 2008
President Abraham Lincoln
David Crane
June 7 , 2018
American singer Kehlani
fifth title
Bobby Scott
2017
1608
early September
Shana
Manfred Mann
New England Patriots
the German band Nena
6
Iran
Jonathan Harris
the World 's Fair
subjective
Aristotle
Beatles for Sale
CMT
the Supreme Court
Selena Gomez
William Conrad
Meat
a brain haemorrhage
Senusret I
1,004
March 1941
bar room
on the east of Eden
Jayas Kumar
Bianca Ryan
Linus Torvalds
the celestial sky
origins are unknown
Angelique Kerber
The flag of Chile
Dr. Lexie Grey
Paul and Linda McCartney
Vancouver
Paula - Mae Weekes
Elizabeth MacLennan
1834
Antony
Crystal R. Fox
the inner mitochondrial membrane
18
Eric Allen Stonestreet
Fauvism
1917
3 September 1953
Two
Gandiva
stepfather Ganelon
October 17 , 2017
The Gap Band ,
central Mexico
Lauri Hendler
Rose Royce
none
workers ' councils
Jada Pinkett Smith
Renovators
September 25 , 2016
December 7 , 1917
Vancouver , British Columbia
John Lennon
sunk cost
Inner ear
Canadian Shield
2
11 August 1968
Kamal Givens
Asha Bhosle
Prosencephalon
Cochin International Airport
Himadri Station
France
February 22 , 2000
James Lillywhite
Humpty Alexander Dumpty
Earth - crossers
Paul Dukas
uterus
October 23 , 2001
1984
2014
crust
his father 's funeral
1961
Chapter 26
Peter Greene
Hans Gross
Oliver Stark
August 2018
1955
sixteen
Vaal River
Philolaus
1999
Chile
the Boston area
mortgage
Darlene Zschech
Jeremy Irons
10
1980s
May 20 , 1902
acetylcholine
Gurbir Grewal
the mid-19th century
Sebaceous glands
Grace VanderWaal
Kyle Massey
Superman
16
Denver Pyle
Will Ferrell
May 5 , 2017
Long Beach State
Ifans
Gregg Henry
Mountbatten - Windsor
applying makeup and prosthetics
May 1946
Wells Fargo Center
2007
June 4 , 1946
Mobile
Ernest Tupes and Raymond Christal
1966
Abraham Lincoln
Neil Patrick Harris
The Cubs
1962
Chuck
Old Norse
May 27 , 1935
three
Las Vegas Sands corporation
Calimesa
guitarist Steve Cropper
Selassie
Muhammad
42
2018
Country House
Sigmund Freud
1978
née Schuyler
Chicago , Illinois
25
Lady of the Lake
FedEx
flightless bird
Jericho
Clara Blandick
Duke Blue Devils
Royal Victoria Dock
nuclear
Jack Norworth
Pharrell Williams
Rupert Holmes
Sebastian Vettel
Evvie McKinney
November 9 , 1988
colonel
March 13 , 2018
granting basic civil rights
1926
Brooks Koepka
16 November 2001
electron donors
October 22 , 2017
second pharyngeal arch
Nazi Germany
the third Sunday in July
Ex-Factor
Lynyrd Skynyrd
July 13 , 2018
Midwestern town
In the fourth season
18 chapters
William Francis Kemmler
five
August 14 , 2017
Dumbledore
Charles Ellis Schumer
Houston Astros
willow tree
Pleasant Street
the pillory
Apache Junction in Arizona
electrochemical
between two slices of bread
The Rev
$35 million
September 12 , 2012
Gautama Buddha
John Lennon
A Little Night Music
Elton John
Fifth Amendment
Svartalfheim
scribe Peter Schöffer
Winters
La La Anthony
Tom Ellis
Northern Inuit dogs
2018
Three 6 Mafia
Demetri Martin
1914
the Fourth Century
November 17 , 2017
United States
Kim Raver
Nathan and Nicolas Myers
Tina Majorino
isosceles triangle
Framlingham Castle
Tubers
Luke and Laura
Adagio
1983
Central Europe
Edward Fisher
Judy Garland
the United States
a bubble - like dome
contagious
The Vice President
May 29 , 2004
True O'Brien
Richard Cromwell
September 27 , 2018
asthenosphere
Donald A. Gorske
Carrie Underwood
A market system
Chemotaxis
September 2013
2000
1927
Robbie Coltrane
Amado Carrillo Fuentes
Colorado River Compact
19 June 2018
Heartland
1988
Middle East ,
Korea
six
Whiskey Gap , Alberta
1890s
1981
Jim Halpert
Carolina Reaper
New York City
2013 season
Mobile , Alabama
Hollywood Beyond
Los Angeles
Selene
Carl Linnaeus
Tyler Gray
Jackie Wilson and Marvin Gaye
Hazzard County , Georgia
September 24 , 2015
Cal Jam II live album
expressionist
Nick Robinson
1972
Jefferson Davis
Matt Damon
Philippe Gentil
120 V
Kehlani
2024
8
October 4 , 2016
21
1972
Joanne Wheatley
1995
La Tasha McCutchen
1963
Uruguay
1999
lungs
Joseph Galloway
near Rochester , New York
Mikveh or mikvah
1952
Carol Ann Susi
Jackson
Edge
Seth Green
in the stomach
1971
January 16 , 2018
Tokyo
Marconi
acceleration
the Reconstruction Era
Randy Meisner
Tân Sơn Nhất International Airport
intestinal trunk
Benjamin
Milan
Howard Terbell McNear
Clark Gable
Nicole
1987
Margery MacKay
1913
Emily Swallow
a state
organs
2006
1970 Dodge Charger
2028
2019
John
Oceanus Hopkins
Machiavelli
Kashyyyk
Ross Martin
social artifacts
Sarah Bolger
Herb Alpert
September 11
promote fair competition
Eric Martsolf
every Monday
President Idi Amin
MeteoGroup
Jennifer Garner
common difference
probation officer
Benjamin Whitrow
Heaven
spring of 1950
Gal Gadot
The Parliament of Great Britain
forensic mental health professionals
herd
Twice Upon a Time
James Pickens Jr.
2017
antipsychotic
the Red Sox
Lilliput
3200
summer of 2005
Julie Newmar
amateur mathematician Edward J. Goodwin
Fräulein
Maddie Ziegler
Natalie Fletcher
Arkansas
Kanab , Utah
Harry Jon Benjamin
1967
Trixie Mattel
in the Temple of Zeus
Sunil Chhetri
stomach
M6 Junction 11A at Wolverhampton
Ken Kesey
between Zambia and Zimbabwe
18
1977
Brandy
January 16 , 2008
Daniel Morgan
2000
Kiki Dee
Boise
release it in the fall
Icarus
Jan Koum
Dewayne Blackwell
M&T Bank Stadium
Max Charles
a contemporary , domestic setting
Joint tenants
Sarah Gray Rafferty
biochemical energy
Anthony Trollope
43,560 square feet
fossil fuels
July 11 , 2013
Carole Bouquet
Lake Jackson , Texas
September 28 , 2018
Sangeeta Chauhan
John Astin
Ramin Djawadi
Arthur Fallowfield
November 25 , 2002
Tariff of 1828
July 26 , 2007
Mark Ruffalo
XpressWest
Vagabonds and Beggars Act
1952
west
in the mesophyll cells
September 10 , 2018
Shreyan Bhattacharya
Sonny Bono
the Union Government
1966
The Chief Justice
Rik Simpson
mechanized spinning
Vera Farmiga
Atlantic City , New Jersey
Waylon Smithers
1970
delegates
beneath the pectoralis major
the Southern Cross
June 2003
architect
Edward Rochester
Lines of constant latitude
Pusha T
24
Antonie van Leeuwenhoek
Confucianism
President Roosevelt
Straits of Mackinac
Beijing
marble mask
Santosh Yadav
silicate minerals
Ronnie Lee Gardner
Robert Goulet
Lonnie
Bill Condon
The Trump Organization
June 14 , 2017
An American Tail
2018
The Grinch
Whites
Ron Howard
Kimbra
2017 season
Hyper - V
Dug
1936
Addition
Bradley Cooper
Long Island
the folk rock band America
500 to 600
H. Jon Benjamin
Diane Lane
1531
September 1
Florida
1988
the first Wednesday of February
1945
University of Alabama
The United States
Jesse
Mountains
Eamonn Andrews
Rice
ecclesiastical differences and theological disputes
13
2010
Transcription
7 October 2018
India
the Tin Woodman
Lefty Frizzell
Stephen Marchant
August 3 , 2018
five
Ezra Miller
Hayden Christensen
Jake
summer 2015
1999
May 1 , 1999
Dario Cologna
Count Cavour
Mexico
the ventricles are contracting
spring
1964
29
five
Yaphank , New York
Gary Duffy
50 to 70 percent
United States Supreme Court
2018
the femur
Belgium
7 December 1941
Harrods department store in London
Colossus of Rhodes
Todd Frazier
Directly underneath the State Apartments
Paul Overstreet
October 19 , 2016
Salzach
Chris Pratt
one of the first
Marquis de Lafayette
Catherine Louise Sagal
1789
October 15 , 1997
Tipperary
The 2007 model year
Darryl Keen
Crystal Gayle
Randy Meisner
San Francisco Giants
The Chicago blues
26 %
David Harbour
2000
Darci Lynne Farmer
Joe Nichols
Frank Stephenson Dillane
The Warriors
Elizabeth Garrett Anderson
equilateral
Armadillidiidae
Herkimer County , New York
Fascist Party
Dyslexia
1543
1965
kiln
Great Society
the Speaker
Titan
1809
Guiana Space Centre
during inhalation
Phyllis Rose
Sam Cooke
Sona
1951
May 1980
American Eagle
Timpani
Pentheus
LaShawn Daniels
featuring Ying Yang Twins
southern end
New York City
melodica
the disk
27 September 2003
Moliagul , Victoria , Australia
US Federal Reserve System
Matteo Ricci
260
Portman
John Powell
September 2016
The Contours
February 6 , 2018
Randy Meisner
Mystery Men
five hours and four minutes
northeastern Africa
Rice , California
South Africa and Lesotho
Dane William DeHaan
Boris Gelfand
August 28 , 2012
Richard Crenna
Elvis Presley
endothelial cells
The Patriots
Ali Tamposi
48
banks of the Mississippi River
2001
1983
1971
five seconds
the Gonzaga Bulldogs
Ralph Waldo Emerson
Wayne Northrop
1778
1974
August 10 , 2018
Sachchidananda Sinha
Astoria , Queens
population bottleneck
Adam Wainwright
1951
Luke
October 17 , 2017
the shoulder of the animal
Christopher Allen Lloyd
32
Mayasura
remains in operation
judge for the second season
Ajit Wadekar
Nicobar Islands
Winston Churchill
Radamel Falcao
July 6 , 2013
1975
Emma Nelson
Maia Emilia Ninel Morgenstern
1948
2018
Congress
29 August 1949
Albert Paul Mantz
Alison Mulvaney
Baltimore Ravens
Andrew
Collabro
1998
Sohyang
XVII
29 September 1829
Xenia
1938
New Jersey
18
Stephen Curry
Maddie Poppe
1949
Gary Oldman
1803
Anita Ward
Emma Thompson
Croatia
Teddy Bishop
wall of the uterus
Four
Ted Ray
793
Switzerland
Elton John
32 teams
Reginald Pole
Jerome Cavanagh
Brooks Koepka
26 September 2017
Arkham Asylum
Bailee Madison
Henri Tajfel
Bolsheviks
a male servant of royalty
Fez
swallowed
New York Yankees
the Soviet Union
midnight
10
apotropaic
December 6 , 1865
Dinshaw Wacha
March 30 , 2018
1998
1998
pigs
Mikael Persbrandt
UTI Bank
Shabana Azmi
Ninjago
nearly 40 years
Toby Buckland
John Sullivan
Noah Ringer
Pat Hingle
season five
2018
The Buckwheat Boyz
2003
Warwick Ashley Davis
Shioli Kutsuna
Barry Island
October 1 , 1981
unknown
George Duffield , Jr.
Friday
Laurence Olivier
September 13 , 2017
Dakota Fanning
A motor unit
He Stopped Loving Her Today
Marie - Charms Mishael Morgan
1975
July 16 , 2017
Lin - Manuel Miranda
1092
foreign Heads of State
popularized by Dinah Washington
CLT
Miroslav Klose
Cornelius Brothers & Sister Rose
phenolic compounds crystallize
WERC
Bombay
Christine Jane Baranski
29 August 1949
Sloan Wilson
Massachusetts
George M. Steinbrenner Field
Scott Kelly
March 18 , 2016
Tatyana Marisol Ali
Mongolia
Dove Cameron
South Carolina
April 12 , 1971
4 and 5 seconds
Illegitimi non carborundum
April
Danny O'Keefe
the Computer Ethics Institute
Bradley Cooper
Deric Battiste
General Sam Manekshaw
Platelet plug formation
Margaret Hoard
Variant data type
the members of Parliament
Uruguay
Waxahachie , Texas
dogos
Dr. Lexie Grey
eight
Albert Schatz
Central and Eastern Europe .
Dolph Lundgren
The Monkees
1325
the Beatles
Nina Dobrev
September 13 , 1996
Jeanne Calment of France
January 19 , 1983
Texas settlers
The Hillbenders
10
Mark Richard Hamill
Nettie Fowler
the relevant patent office
Montell Jordan
four
1918
Automobile drivetrains
Ryan Nasci
Abhinav Bindra
October 27 , 2017
the IGA Stadium
original jurisdiction
1862
Thomas Jefferson
fifteen
set in the 1990s
The Navigation Acts
introduction
Derry , Maine
in Columbus , Ohio
April 1972
Frederick the Great of Prussia
Taylor Schilling
1977
Mark Addy
2009
Judith - Marie Bergan
January 1 , 2018
3 November 2017
Golden State Warriors
Dan Patrick
Aphrodite
Jim Steinman
1995
Curry Grant
from March to April
2022
Plato
Kathryn Hahn
proximity to Boise , Idaho
The Buckwheat Boyz
June 20 , 2016
July 17 , 1984
Intracellular fluid
Capulet
Jon Bon Jovi
the United States and China
Louis C.K.
Bertier
the Browns
Louis - Joseph de Montcalm
kilogram
Jivatram Bhagwandas Kripalani
2011
superior orbital fissure
bald eagle
1983
Flor de Muerto
November 16 , 2012
software testing
2022
Neal Merritt
the late 1990s
February 9 , 2018
Milton French - Stewart
Peter Claver Cullen
1071
June 29 , 2007
Bastian Baker
Noah Ringer
China
Shelob
Sparta , Illinois
Sydney
New York City
Princeton
Merry Clayton
17 November 2017
New York Giants
The Piney Woods
Houston
England
1915
insulin treatment
February 12 , 2015
sovereign jurisdiction
Hatshepsut
nine
Jamaican rapper Sean Paul
4 May 2018
Anaïs Nin
Common law
February 2 , 1848
Leslie Bricusse
Jessica Keenan Wynn
Beyoncé Knowles
4,000 years ago
Charlemagne
Cohasset , Massachusetts
Kim Carnes
Julian Raymond
August 1978
Wendy Frazier
Nights of Cabiria
Nicole Scherzinger
over-water bungalows
World War I
1977
Jason Lewis
Jeff Brazier
three
Edward Bulwer - Lytton
sex - based shoulder angels
September 27 , 2017
Alpine
2017
Kazimierz Prószyński
Joshua
Delta Tau Chi
Zooey Deschanel
British Columbia , Canada
Dev Patel
Jeanne Calment
palmed
May 1928
on alternating current
2,000 baht
Joan Cusack
22
March 1837
a tall communication antenna
France and the Low Countries
on 28 July 1923
Robert Howard Cobb
Ford Fusion
John Lee Hooker
Justin Bruening
Iran
Alan Rickman
Dan Stevens
Germany
Laura Pierson & Tyler Adams
Kevin McKidd
Louise
Joss Whedon
Stevie Nicks
five years
1894
1458
Jacinda Barrett
Bernard Cribbins
2014
the Hollywood Chamber of Commerce
Jason Sudeikis
Violet Chachki
2018
State of Minnesota
July 1 , 2010
Dolly Parton
1926
Arizona Diamondbacks
Peter Jones
Duncan Norvelle
Louis Hynes
Djoser
Magnus Carlsen
Auburn
Alaska pollock
judicial review
three
2002
Eduardo José Padrón
William Sheeran
Ross Aaron Malinger
Chandler Kinney
Nolan North
Angora goat
Joe
Gandhi 's supporters
Glenn Martin Christopher Francis Quinn
Sam Neill
Levi Miller
Mick Jagger
August 7 , 2013
Patriots
Herbert Clark Hoover
Chandra Danette Wilson
World War II
Kaycee
Steve Carell
genome
Robin Williams
Rick Marotta
13.5 %
Pictish
2006
fingernails
Zone Improvement Plan
French
VanderWaal
twigs
Pearson
Gal Gadot
June 21 , 1851
October 31 , 1994
Retta
Margaret Brainard Hamilton
22
Emily Wilding Davison
June 22 , 1999
Linda Davis
firearm
13 December 1977
Tom Sawyer
1867
June 22 , 2018
The third and last step
L Lawliet
George Peppard
New Jersey
March 8 , 2018
metre
Broderick Crawford
12 September 2017
org
2015
the back
Love Conquers All
Buzz Aldrin
Thomas Andrew Felton
George Elmer Pataki
13
2017
Paul of Tarsus
chivalry
Paul Penzone
Her Majesty 's Passport Office
rib section
Ozzy Osbourne
342
Dan Castellaneta
Sir Thomas Malory
Ethan Winters
Anthony Rapp
Miami
Michael Rooker
Qatar
Rachel McAdams
gold specie standard
Nikola Tesla
Elizabeth Tower
Moolah
Theodore Roosevelt
Black Sea
August 1949
the wall of the uterus
Carol Kane
August 3 , 2018
Britt Robertson
Dothraki horselord Khal Drogo
Carol Ann Susi
one of the accusers
Harrison
the Persian style of architecture
December 14 , 1814
Radio
, Domingo
Santi Pagnini
the 1850s
Kailash Satyarthi and Malala Yousafzai
1978
sticky prices
zinc
22
1966
Chicago White Sox
1868
911 / Mr. Lonely
Khan Abdul Ghaffar Khan
Scarlett Johansson
Mike Viola
Avonlea on Prince Edward Island
1920
Sharon Martin
20
Post Alley
Lacey Chabert
Midwestern United States
Daniel Handler
1919
Stephen Curry
Daryl Mosley
Atticus Shaffer
Park Hye - soo
Qatar
During BlizzCon 2017
Anna Maxwell Martin
May 1974
William Gilbert
Babe Ruth
Andrew Cedar
Seattle SuperSonics
Hermia
the Pacific Ocean
misophonia
Sauron the Dark Lord
the 11th century
Lagaan
most geological processes
Emory S. Bogardus
traffic calming
Network address translation
Bai Jingting
oral mucosa
Saina Nehwal
Bourbon Street
1998
two seasons
1999
Cuba
Germany
February 2017
January 11 , 1970
Gayla Peevey
Sonarika Bhadoria
Mrs Diana Trapes
Jules O'Dwyer & Matisse
Parmenides of Elea
5
1955
Many commercial sites
Asuka
Mick Taylor
five
December 1 , 1912
6 May 1972
kopeks
Karl Landsteiner
SBb or SBc
Eugene Hugh Beaumont
meteorite
1970
Symbiosis
Matt Prater
Danica McKellar
Matthew
Newspaper editor John O'Sullivan
Alan Merrill
18
severe thunderstorm
Lori Lieberman
March 4 , 2018
Taran Hourie Killam
The Alan Parsons Project
Michelle Tribble
every Monday
July 17 , 2012
Caroline Kennedy
the Fourteenth Amendment
16 December 1689
late November or early December
1871
Andy Grammer
Auliʻi Cravalho
Frankie Valli
Jeremy Zuckerman
between atoms
a fox
Republic of Texas
Lisa Robin Kelly
Joe Davis
Kane Williamson
Camden County
Nidhhi Agerwal
2005
April 8 , 2024
Mendocino , California
Michael Vick
1859
American singer Rockwell
Waxahachie , Texas
macOS High Sierra
the tifosi
Bobby Russell
1960s
Plato
Japan
2008
Other Allied powers
underground in Louisiana and Texas
Matthew Modine
Karnataka
unidentified individual
British singer Steve Rushton
Isabela Moner
Jon Bernthal
Chris Gayle
Chip Fields
256
Simon & Garfunkel
February 28 , 1909
Nancy Birtwhistle
The Pussycat Dolls
3rd
Carroll O'Connor
Margo Cathleen Harshman
Milan
Kiriath - Jearim
1 January 1973
Toronto
Tyrion Lannister
1996
Billy Barty
Louis Philippe I
Fantasy
Olympic Peninsula
Sicily
British Empire
Dan Reynolds
Kingdom of Great Britain
Iran
March 2 , 2018
June 15 , 2012
Maulvi Liaquat Ali
Oliver Stark
Green Bay Packers
21 April 1526
color
Lot 's wife
Neptune
Indian grandmaster Vishwanathan Anand
1517
Ralph
Germany
Zachary Gordon
on 29 July
coagulation
Milo Ventimiglia
tax
Aram Shah
post-apocalyptic United States
Mitribah , Kuwait
Kansas
Tyler Johnson
Roderick George Toombs
Stoke City
2018
a pedestrian
arts and crafts
May 10 , 2018
Henry Edward Bedford
August 1958
Deficits in cognitive abilities
Stevie Wonder
Chicago Stadium
New York Yankees
Yuzuru Hanyu
during the 5th century AD
National Disaster Management Authority
7
equinox
video editing software
James McClean
Aloe Blacc
Nat Wolff
Partition of India
1945
October 14 , 2007
June 1947
Mariyappan Thangavelu
Bruce Springsteen
Dog
gross vehicle weight rating
Corey Burton
season 20
early 1910s
dark room
6 February 1952
Treyarch
Mean platelet volume
2013
14
India
16
Lysander
James Franco
Pelé
from 1854 until the mid-1890s
Robert Edward Jager
lurking variable
2000
January 25 , 1994
Johnny Nash
Waldseemüller
after university
Vernon George Wells
8 February 1904
1951
The Directors
wave steepness
Georges Auguste Escoffier
curling
1904
Will Keith Kellogg
2026
May 8 , 2018
Lorraine Crosby
Florida
two electrons
New York -- JFK
Lionel Messi
Gina McKee
April 2024
Ira D. Sankey
2017
placenta
Epistasis
Napoleon
Jacob Joseph Worton
Gretchen Mol
Santa Monica Pier
DisplayPort
Regina Spektor
Cleopatra Coleman
Ancient Greek
Charlie Black
interphase
Mikhail Bakunin
1991
Nancy Kovack
her childhood sweetheart , Raoul
Hector
Jerry Reed
late September
Aquaria
Tim Paterson
Alice Cooper
India
Miley Cyrus
2002
two
2005
Maurice White
higher middle latitudes
1816
Italy
11 miles outside of Homer
John B. Watson
Emery Kelly
Montana
0.3048
The nitrogen cycle
interracial marriage
Charles Peckham Day
England
James Augustus Hicky
between 1895 and 1918
Tropic of Cancer
the U.S. team
Ozzy Osbourne
responding disproportionately to something
aquatic animal
Prince
2006
Steven Yeun
layperson
Walton County
Jonah
2013
Diatoms
one
Benjamin Franklin
matron of honor
1999 season
Colony of Virginia
author John Green
33
May 26 , 2007
Jacob
Sykes
Tim
New England Patriots
Wayne Brady
Roald Dahl
the Senate
Bradley Cooper
Edward Edgar Lowery
Emmanuel Goldstein
November 7 , 2017
Fritz Pollard
mid-2061
James Earl Jones
Noam Kaniel
1516
Justin Long
strength
disaster
Vicki Wickham
14 May 1948
every year at Easter
the Tennis Court Oath
Bonnie Bramlett
in the breast tissue
in the Tampa Bay Area
100
Kyle Chandler
John Sykes
Hillsong Worship
central Mexico
Kareem Abdul - Jabbar
organ system
( Selena Gomez )
Paul Revere
March 27 , 2018
Mark Wahlberg
William Christopher Handy
American singer Diana Ross
25 December
anal scent glands
Glacial striations
mid-November
on Independence Day
Robert Hooke
Cleveland Indians
West
Gary Oldman
Eleanor Oldroyd
Stealers Wheel
Amy Adams
Jinkx Monsoon
Bonnie Gruesen
Thomas Grant Gustin
Europe
Nigerian Institute of Management
April 2
256 BC
Chris Martin
Stephen Adam Amell
James Earl Jones
patterning the ventral axis
Atlantic Ocean
Bobby Braddock
on October 31 , 2018
Gardens of Stone
April 2017
1748
Cesar Estrada Chavez
1 January 1942
ticket sales
$40,000
Castaway on the Moon
Meet Bros
1999 pre-season
Alycia Jasmin Debnam - Carey
Mondelēz International
New Zealand
Ronald Reagan Washington National Airport
Samira Wiley
1975
August 14 , 1935
September 20 , 2017
magnetic north
Charana
documentary crew
Jock
over 15 million combined subscribers
New England Patriots
Rafael Nadal
10 November 1775
Eleanor Roosevelt
Luke Danes
between June and October
improved textures and multiplayer options
Indra
Anjelica Huston
Confederacy
Vancouver , Washington
D minor
6
Frankie Avalon
sophomore
1975
tax revenues
saline water
Alan Burgess
1862
kingdom of Atlantica
Kansas
early 1990
Angela Robinson
120 V
Brainard
Maia Mitchell
Elizabeth Boutell
parliamentary representative democratic constitutional monarchy
SS Yongala
Barry Bonds
April 4 , 2017
Keith Urban
Plymouth , Massachusetts
the army
Jimmy Smith
1974
Charles Strouse
Susan Thornton
Solomon Linda
Robert James Anderson
Míriam Colón
5 October 2018
RKO Studios in Hollywood
Joel Courtney
2013
Department of Justice
Loren Bouchard
Cole Porter
Lewis Hamilton
uncuttable
October 14 , 2018
20 July 1969
1234
Italian
Nicholle Tom
Sir Ian Murray McKellen
Richard Attenborough
11 November 1918
South Korea
Calgary , Alberta , Canada
dancing
The Wailers
1993
Joan Osborne
Jessi Colter
Ray Noble
Southeast Asia
Eric Harris
line of longitude
Dr. Seuss
Jonathan Crombie
Washington , D.C.
2018
Pennsylvania
Nick Gilder
June 15 , 2018
402 ,
Knights
The Ritz - Carlton
Sovereignty
John Sullivan
Peter Capaldi
Charles Dickens
Sony Pictures Television
Prince Edward Island
Pisa
nuclear
judicial
the point when trading ceases
highly energetic solar radiation
Kenya
Tim Curry
Candice Brown
19 June
Central Hall in Westminster
Northern Territory and Western Australia
patricians
Boston
Xuanzang
February 26 , 2016
William R. Day
2018
1858
James Hargreaves
ratify
Hampshire
Kit
27 June 1967
traded
H. Jon Benjamin
Mark - Paul Harry Gosselaar
September 5 , 2017
1996
10
1804
Hoagy Carmichael
small - world experiment
the House of Delegates
Brittany Cherry
2006
Howie Mandel
Vancouver , British Columbia
Restoration
Don Adams
1914
Pom Klementieff
Kevin Peter Hall
Penn State Nittany Lions
convection
Paul Davis
Fältskog and Ulvaeus
Nickolas Ashford
Bob the Drag Queen
Rat
Secretariat
Ludwig Göransson
the Ardennes forest
Don Black
1884
1
1967
particle detector
states
September 6 , 2018
Ireland
the Forum
the Beatles
Marvin Gaye and Tammi Terrell
The Alabama Crimson Tide
Star Trek Beyond
1993
Shemar Moore
RAF Bovingdon
420
the Trickster
Los Angeles
1972
Idris Elba
Bangla Road
August 25 , 2006
December 28 , 1869
December 2015
Guillermo Stábile
Lady Antebellum
1965
Soviet
Frank Bank
Paul Ego
10 September 1977
insects
postural hypotension
Frank Loesser
Julianna McCarthy
18
June 8 , 2010
four
4
during the 1970s
2009
2018
Sylva , North Carolina
Rockfield Studios in Wales
Victory gardens
Vishakhadatta
in the Mendip district
2017
1962
Granada
Jackie Robinson
June
King Louie
March 2 , 2016
Fred Astaire
Stefanie Powers
Samuel Francis Smith
Arun Jaitley
the league runners - up
2005
Nick Kroll
Lincoln
florist
Carson City , Nevada
Bust / waist / hip
December 15 , 2017
magical Land of Oz
Glass Tiger
1937
AnnaSophia Robb
Bombay
Barry Allen
Persian Sufi poets
India
October 19 , 1999
John Cabot
2019
Justin Timberlake
Bonnie Hunt
Billy Dee Williams
Neil Armstrong
Lizzy Greene
channel 70
Jack Greene
an open - air museum
freemium mobile strategy video game
New York
Sri Lanka
7
Abraham Lincoln
Lori McKenna
Bart Millard
Season two
Amanda Tapping
Sagittarius Dwarf
Alysia Reiner
Clayne Crawford
1823
in the Horn of Africa
the late 18th century
2022
Oldham General Hospital , Oldham
Rosh Hashanah ( Trumpets )
jellyfish
Darlene Cates
Barry Bonds
Mexico
1982
6 - 12 people
hotspot
Western saloon
Winfield Scott
164
1921
2019
Yamato dynasty
10
Piper Eressea Kerman
Saint Patrick
Mother Abbess
Sparta , Illinois
House of Representatives
season three
Rachel Green
Dick Van Dyke
Kim Kardashian
The Red Vineyards near Arles
Jim Cummings
Thomas Alva Edison
Edward VIII
Paco
House of Representatives
Team Europe
2001
covalent
Delicata
Edward Jenner
Jim Carrey
Phil Heath
Tevin Campbell
large
the Killers
23
dash
Tony ( Abdul Salis )
July 2 , 1964
Gateway Arch
Bruce Johnston
3 June 1787
Denver , Colorado
New South Wales
Craig Fuller
November 2018
Juhu
Sadie Hawkins Dance
1931
northern flicker
Rex Smith
Alpha Epsilon Alpha
Government Issue
commerce raiders
American singer Sam Hunt
August 2 , 1956
Charmed
Los Alamos Laboratory
6
John Cornyn ( R )
Colin Arthur O'Donoghue
101
lungs
Stone
1994
545
Dire Straits
Mighty Morphin Power Rangers
middle
Jinder Mahal
King Crimson
2014
Jessie Ware
North Dakota
Mike Stewart
February 10 , 2017
martini cocktails
1879
2017
Angus Turner Jones
tobacco
Charlie Ward Jr.
the moat
Ohio State Buckeyes
Ireland
Superblue
Laverne Cox
Sunday
McDonald
18
Paris , France
James Parkinson
Seabrook Island , South Carolina
7,349
2007
John Roberts
Saturn
Lavell Maurice Crawford
Brent Jay Spiner
Bruce Willis
Jimmie Johnson
Ensigns
2014
1982
Bobby Cannavale
1893
24
December 2 , 1854
Robison Field
Northern Inuit dogs
Narcissus
December 8 , 1886
Scotty Wiseman
Mark Lawson
General David L. Goldfein
26 June 1997
Pyramid Head
24 October 1945
Gary Cole
1967
Turkey
Brad Rutter
Ann Peebles
Stoneman Douglas High School shooting
Jamey Johnson
American rock band REO Speedwagon
24 March 1603
corrosives
Monument Valley
Colm Feore
Los Angeles
Czech
cell growth
Luzhniki Stadium in Moscow
during World War II
Kansas City , Missouri
blood
education
June 28 , 1870
Gulf of Mexico
18
2001
gonads
Monsignor Farrell High School
between oceanic plates
metabolites
Ryan White
India
1792
Dr. Harsh Vardhan
Toby Keith
August 6 , 1965
emperor Cuauhtemoc
Salma Hayek
John Lennon
Brussels
Deema
1969
the stomach
1935
Julie Dawn Cole
Angela Margaret Cartwright
blue
Lotte Lenya
Qatar
Kevin McCarthy
Lisa Diane Whelchel
1958
1982
July 30 , 2017
red
Pathak
Shamrock
Street & Racing Technology
Kunwar Singh
The Offspring
May 9 , 2016
Kevin Skinner
1994
Washington , D.C.
Avatar 2
Liberty
George Michael
in 2005
2008
Irina Shayk
February 9 , 2018
Lannister
In 1968
2013
President
1950
In 132
a continental transform fault
May 30 , 2017
Rock Around the Clock
Letizia Ortiz Rocasolano
Miami Heat
Seven Years ' War
Harrison Ford
29 July 1954
often synonymous
Alex Bain
June 22 , 2013
Joseph Brackett
William Henry Harrison Sr.
passerine birds
Breed 's Hill
circle
Mary Elizabeth Ellis
the Minister of Railways
the irritating folk singer
Hernando de Soto
Real Madrid
Harvey Keitel
peptidoglycan
Sylva , North Carolina
Ellie Goulding
the Time Stone
18 - 20
Britain
Mark Lenard
The Eisenhower Tunnel
Sorrell Booke
The Louisiana Purchase
Carl Linnaeus
The Kiki Dee Band
Hawaii
Australia
to express grief
the story of Nat Turner
1928
Mahabharata
the British government in 1939
Germany
Ross Aaron Malinger
species
type O Rh D negative
Princeton
1836
La Poudre Pass
Lin - Manuel Miranda
Christine Michelle Metz
Noam Kaniel
GMA Dove Awards
Broncos
1859
Terry v. Ohio
Cragside , England
1968
Missouri
vagina
Fantasia Barrino
Berlin Conference of 1884
1988
Summersville Lake
Junko Tabei
Men at Work
the cytoplasm
Taran Killam
1
Elizabeth II
fishing
Dusty Springfield
Ed Carpenter
Joni Mitchell
Serotonin
1988
Kary Mullis
Glen McMahon
January 25 , 2018
surgical intern Dennis Gant
Anthony Hopkins
Oregon
Lana Maria Parrilla
November 17 , 2017
Fayyaz Hashmi
1812
Liberty Island
superficial layers of the epidermis
to reduce weight
October 28 , 1948
18
Lee Greenwood
Cherokee , North Carolina
Bansi Lal
American singer Joey Scarbury
in 1917
Dehra
John Barry
Mississippi State
Christopher
November 2 , 2017
A Great Big World
Maseru
A dwarf warrior
Yogi Berra
Paul Simon
the late 1980s
Cloud Gate
in December 2010
the Destroyer
Olivia Rose Keegan
Louis Mountbatten
1931
Janna Bossier
World Tomorrow
Mike Campbell
ER Chief Kevin Moretti
from a registered breeder
Rollover
Ananda Samarakoon
Irina
St James
1930
Gene Lockhart
Alex Band of The Calling
the late 1980s
virus
2018
Jon Bernthal
Max von Sydow
November 4 , 2010
the Sri Lankan military
January 7 , 1947
Bill Nighy
William bentinck
John Lennon
medical research
December 27 , 1971
Dominic Hoffman
George
a state in the South
Stanley Tucci
White Ferns
Pantalaimon
1951
light energy
2018
Dr. Harsh Vardhan
Aristotle
Arthurian legend
Tony Nwulu
judges
July 26 , 2000
Matthew Lillard
1977 Pontiac Trans Am
colonial Massachusetts
5
African rock art
1997
Millie Bobby Brown
Michael Wray
Candace and Michael
multi-party system
Paula Hawkins
Pom Klementieff
Australia
38
cat
Galadriel
Oklahoma City
February 16 , 2018
Big & Rich
James Brown
excrement
1966
1998
January 11 , 2004
Sam Roland Heughan
October 1917
Keenan Wynn
Reputation
Nipper
Spanish
swelling
Buckingham House
September 2015
Harold Abrahams
Snowball and Napoleon
indefinitely
Tony
in 1970
flight dispatcher
Siedah Garrett
India
Taraji P. Henson
Curtis Baldwin
June 30 , 2017
Sir Chris Hoy
muezzin
in Key West , Florida
Pentateuch
began in 2002
Houston Astros
black for endurance
Hunter Haley King
2006
Cristin Milioti
Joshamee Gibbs
Alejandro in Canada
Saul
June
Panther
James Montgomery Flagg
Thyroglobulin ( Tg )
singer - songwriter Jim Croce
litigants
Russia
Kushida
Sal Stowers
Charles Matthew Hunnam
1948
Intangible assets
Andy Serkis
Jarasandha
finding her strength
Nate Ruess
Staying Alive
Reel Big Fish
John Michael Montgomery
March 11 , 2017
Sidi Kaouki
X-ray radiation
1802
seven
Art Parkinson
Daniel Lissing
1971
Minneapolis , Minnesota
Portuguese
Gareth Keenan
Conservation biology
the Earth 's lithosphere
sexual reproduction
September 25 , 2017
1900
1951
United States Declaration of Independence
glacier
the functions are linearly dependent
John Prine
1607
2008
Harry Chapin
continental volcanic arcs
about 60
Leonardo
Madness
one
general taxation system
2019
Lock Martin
Robert Smigel
four
ozone molecule
three
Carl William Raisch
lust
Indira Gandhi
1807
1989
more than 60 tonnes
1964
500 - 600
Ralph Fiennes
1863
January 15 , 2009
Monroe , Georgia
Joaquin Phoenix
Carrie Underwood
19 July 2017
Gary Oldman
Chinese medicine
August 18 , 2017
Election Commission of India
Sacramento Kings
Depression
Borrelia burgdorferi s.s.
November 6 , 1986
24
eukaryotic
1980s
UEFA Europa League
the early 20th century
Freddie Prinze Jr.
April 2005
May 24 , 2017
1934
Schnetzer
Wari
200,000 miles
25
mountain ranges on every continent
Yazoo
Candice Bergen
1984
January 3 , 2018
the Swedish pop duo Roxette
Beggars Banquet
Becky Albertalli
October 7 , 2014
Rajiv Mehrishi
Unilever
Muhammad Iqbal
make peace
Oakland
Zootopia
Ed Carpenter Racing
Christopher Daniel Barnes
July 18 , 2000
neurons , or nerve cells
Cheryl Ruth Hines
Super Bowl LI
Michael Jackson
Canton , Mississippi
14
Category 5
Little Jimmy Dickens
Barbara Rosenblat
Steatoda nobilis
Daniel Alexander Mintz
in the sixth season
Battle of the Blackwater
New England Patriots
federal
Robert Recorde
Peter Claver Cullen
Captain Celaeno
Calvary Cemetery
Molly Parker
Mabel Elizabeth King
Nursing and Midwifery Accreditation Council
the Bee Gees
Tracy Lawrence
Hasbro
Bobby Darin
Caroline Blakiston
Robert Serber
season 8
17 February 2018
Jaeden Lieberher
Ilaiyaraaja
genetics
bass
Edward Arnold
18 April 1949
David Thewlis
John Hoynes
Sub-Saharan Africa
Irving Cohn
Thomas Dolby
1988
1858
2001
Ashanti
Mel Tillis
Higher Institute of Villainous Education
April 10 , 1997
Shayla Mackarvich
Soviet Union
Danica Mae McKellar
Office of Management and Budget
Montreal Canadiens
Barrett Strong
hypolimnion
Spain
Pink Floyd
Buddy Holly
31
1973
Rory McCann
Palais de Danse
Linda Perry
Rajasthan
James Madison
Ed Begley , Jr.
atheism
Kenneth Branagh
2000
December 1 , 2016
1949
July 1 , 2008
epsilon
June 29 , 2007
Angela Lansbury
June 7 , 2018
John Anthony Aniston
the Republic of Texas
Srinivas
executive
1971
Ross Bagley
March 23 , 2013
Sacramento Kings
2010
College Station , Texas
Aubrey Frances Anderson - Emmons
1798
2nd century BC
19 September 1912
May 15 , 2015
a hookah
Bridgit Mendler
Ambrogio Lorenzetti
Last Vegas
Jamestown
128
Landau Eugene Murphy , Jr.
1971
1990
Manushi Chhillar
General Assembly
Gulf of Mexico
plutonium
Carlos David Valdes
Chinese
six or seven
79
endothelial cells
Evaporation
across the mitochondrial inner membrane
around 17,000 BC
Lenore
Michael Strank
Burt Ward
Alexis
2 December 2010
eight
2016
Sting
Gerald Anthony
serous membrane
film
December 1972
Seymour Gottlieb
First Qin Emperor
one square
The Cherry Bombs
Yousef Abdelky
attached to ribose
Miltos Yerolemou
four
former teammate Mark Clayton
Nigel and Jo Hemming
2006
Air Force Armament Museum
1970
Elvis Presley
mid-1922
June 30 , 2008
President Lázaro Cárdenas
Justice A.K Mathur
Carmen
central London
Indianapolis
1908
A Match Made By God
31 May 2009
metre
Dylan Sprouse
11 July 2018
March 1 , 1781
Ellen Louise Demorest
Cupid and Psyche
Joe
Pittsburgh
Hulu
sacred texts or scriptures
Ryan Seacrest
Alicia Keys
Tulum , Mexico
season five
several composers including Mozart
1966
Foreign Intelligence Surveillance Act
sandbar
loss leader
over the Kok River
Barcelona
Tommy Quickly
George L. Kelling
Donald Leroy LaFontaine
brown belt
McKinley
Russell Crowe
President Theodore Roosevelt
Armageddon
Julián Felipe
the refractory period
Porter and Preston
national or regional patent offices
Massachusetts Bay Colony
2017
Christy Turlington
Dirk Benedict ,
2011
St Pancras International
surface sterilisation of explants
May 2000
Hakeem Olajuwon
Lovers
Carole King
suspensions
Dustin Hoffman
Third Day
10BASE5
the Ark of the Covenant
Douglas Fisher
April 2 , 2009
Michael Raymond - James
1789
Arthur Schlesinger
Vatican City
Pamela Baird
Andy Serkis
1990
Harvey Korman
in the larynx
Cedric
27 June 1967
1970s
Ben Driebergen
Shaun Mark Bean
July 8 , 2016
David Prowse
Queen Elizabeth I
10 one - hour episodes
Rowan
Joint Committee on Reconstruction
action - reaction law
Frances Quinn
25 %
1992
7
5 March 1862
battledore and shuttlecock
Annie Golden
September 26 , 1983
Baltimore Ravens
October 1 , 1949
Duet
Ted Neeley
about 53,000
2020
Rafael Nadal
the early 20th century
Red blood cell distribution width
Bob Dylan
Charlie Chaplin
Ben & Jerry 's
found in eukaryotic cells
Dutty Boukman
Eliza Patricia Dushku
1899
John Williams
1979
Republican
West Sands , St Andrews
Connecticut in the 1840s
2011
Night Crossing
film 's cast
Charles Korvin
sailing yachts
18
video games
Beijing
Treaty of Versailles
Istanbul
Neville Chamberlain
Toronto , Canada
21
February 15 , 1965
state
the 1920s
Crane Currency
Mike Wallace
Nettie Fowler
Justin
Miami
April 4 , 2014
Peter Pan
18
Samantha Barks
stone circle
The Green Bay Packers
Klaus Badelt
1987
Bud McNulty
Gregor Mendel
Gwynne Owen Evans
William Hart
November 11 , 2008
Torah
British amusement - park ride
White
Mary Jane Croft
Marcia Cross
December 1 , 2017
Strom Thurmond
Dormammu
Iris Dohrn
the Chambers Brothers
Atlanta , Georgia
four - year
between 1916 and 1970
Western Kentucky Hilltoppers
South Sudan
March 19 , 1918
Isaac Watts
Garth Jennings
Dawn Bellwether
2013
western Caribbean Sea
Elizabeth Mitchell
Santa Fe
2000
Roger Federer
Kaushal Manda
12 nautical miles
Jeremy Shada
four - seam fastball
13
2011
May 25 , 2018
June 6 , 2000
Hank Williams , Jr.
Belgrade
John Carpenter
Isle of Man
November 5 , 2004
February 20 , 2017
expressed
Don Davis
Gig Harbor , Washington
Kansas
September 15 , 2017
Herbert Spencer
shortly after birth
Jonathan Sadowski
Admiral Sunil Lanba
white
Mihrab
Affirmed
Sicily
1999
Barbara Mandrell
Table of contents
Kevin Cahoon
Euclid
Keala Settle
8 November 2017
downtown Haverhill , Massachusetts
tonsilloliths
The Newlywed Game
October 3 , 2017
October 19 , 1781
Christopher Clavius
Aruba
the early 1950s
Necessary and Proper Clause
1967
314
Algarrobo , Chile
2000
Koine
February 1937
inner mitochondrial membrane
18
gastrointestinal tract
Paul Nicholas
the Senate
Great Leader
uterine contraction
September 7 , 2018
2017
Aconcagua
Vinayak Damodar Savarkar
Annaleigh Ashford
Bay Lake , Florida
August 19 , 2017
the United Nations General Assembly
pictograms
Jonas Salk
2017
Margate
Roberts Scott Blossom
Sting
self - employed
Mark Lowry
much less stable
sons of Adam and Eve
Sonny Rollins
1862
1964
Ernest Howard Shepard
a decline in food availability
September 27 , 2016
the eighth season
Vancouver Island 's Qualicum Beach
haploid gametophytes
Saint William of Perth
three
28
Cersei
water
September 28 , 2017
Irna Phillips
Matt Mattox
1903
Metabolism
August 15 , 2014
Ted Neeley
1852
The Lab
Tom Drake
Gusau
Washington Capitals
falling in love
closed
Sam Cooke
Iselin Solheim
Aristarchus of Samos
1987
Isaac
Daniel Hall
University
Goblet of Fire
Toto
Miami Heat
Colonel Harland David Sanders
John Paul Scott
its white wine
Sheena Easton
Rufus Frederik Sewell
freedoms of speech and expression
Bob Saget
the books of Samuel
October 1 , 1993
The physical layer
Fred
Robert Romanus
Bing Crosby
Dakota Fanning
Audrey II
British India
Detroit Lions
Peter Grosz
Garbiñe Muguruza
Central City
thoracic diaphragm
European Union ( EU )
August 12 , 2018
Elijah
9
Steve
Mark Lester
power
St. John of the Cross
1795 -- 1797
overwork
March 27 , 2018
for Twin Cities
Bradley Cooper
1969
The grizzly
Floyd Lawton / Deadshot
150,697,361
Yani Gellman
Veni , vidi , vici
September 1 , 1986
The Anglo - French armies
Darwin
February 18 , 1996
gonadotropes
Regis Philbin
the New 52
The Manhattans
British India
individuals with disabilities
Ty Burrell
Rainbow
José Daniel Ortega Saavedra
22 March 1963
June 21 , 2017
Immanuel Kant
douche
Germany
American Media Inc
Nicole Kidman
Patrick Henry
Gwen McCrae
Demi Lovato
1629
amino acids
Shia
Eminem
Margaret Brainard Hamilton
August 27 , 2017
March
in the distant future
beat poet
Keegan Connor Tracy
Patricia Annette Olson
compound
Justin Long
9 July 1943
Menander I Soter
40
19th century
James Weldon Johnson
six
Bobby Sherman
Hal David and Archie Jordan
Natascha McElhone
Howie Mandel
August 15 , 2017
in 1958
September 20 , 2013
20 percent
Stevie Wonder
the California State Assembly
October 2008
in the nucleus
2015
September 23 , 2008
Willie Nelson
real
£ 18 million
Yorkshire
meiosis
BBC
Dionne Warwick
The Animals
Allison Janney
Justin Timberlake
Dire Straits
Barry Dennen
Kim Zolciak
J Balvin
1965
Ringo Starr
1998
14 June
Hayley Atwell
James Arthur
The Bon Voyage Reaction
Barry Nelson
Dred Scott
Season 11
Sunil Dutt
Deniz Akdeniz
1967 model year
detected by the human eye
Patrick Denham
Bread
156th
1,800
The Observer
2 - 4 Family
Gladys Knight
August 8 , 1911
Noel Fielding
1997
Jonathan Breck
Tilman Joseph Fertitta
Robin Williams
1994
Tim Duncan
1983
February 19 , 1880
Giuseppe Mazzini
Mechanical
Walk the Moon
the Stono Rebellion in 1739
Serbia
Mariana Trench
7.4 days
Billy Paul
World War II
The Munsters 's Theme
February 23 , 2018
Sydney , Australia
Süddeutsche Zeitung
American Civil War
Mary Ainsworth
Urbanization
1939
Seth Green
Glorification of the Chosen One
vegetables
gastrointestinal tract
The Friends of Distinction
Zach Galifianakis
Raymond Wallace Bolger
Asian artiodactyl ungulates
Army Foundation College
beta decay
the sun
Western Province
in Simla
Mozella
January 26 , 2018
Romans
18
warden
Abraham Lincoln
1994
Steve Burton
June 25 , 2018
Uganda
benefits
2013
Kevin L. Bryant
Lewis Madison Terman
Pro bono publico
26 August 1968
Alabama Crimson Tide
Dead Man 's Chest
Baton Rouge , Louisiana
Italia
John Milton
72,008
Great Britain
David Krumholtz
two
opilio crab
20
Shel Silverstein
October 1984
John Wesley Shipp
On January 28 , 1986
Will Ferrell
Harry S. Truman
at least 21
two - factor authentication
ten
Samson
expressionism
March 21 , 2017
the mountain
1988
Ravi Shankar Prasad
July 10 , 1963
Carey Mulligan
Gugu Mbatha - Raw
internal problem that requires service
pia mater
1800 to 1850
2018
Alaska
Alexander Siddig
3 September 1967
Dr. Abdul Kalam
conservative
fruit
March 9 , 2018
1978
22.9 points
Bhabar
in fall 2018
Alan Merrill of the Arrows
10
Sinn Féin
the British East India Company
Dave Bartholomew
season 10
Chicago
Ramoji Rao
2018
Hoth
July 5 , 1917
Katharine Ross
October 3 , 2017
Lawrence Kasdan
1995
Dodger Stadium
western India
Shatt al - Arab
March 24 , 2018
Death
May 5 , 2017
308 million
Tagore
Kingdom of Great Britain
In the Pines
Physiological needs
1973
Capsaicin
1971
Chandra Danette Wilson
26 June 1997
Lyndall Bass
counterweight trebuchets
1993
Americas
Mexico
Elizabeth Taylor
1963
2001
Ovation of the Seas
Mycelium
convenience store
Bryan Ronald Dattilo
season 12
South Africa
Desilu Studios
the cranium and the mandible
October 3 , 2008
June 30 , 1996
David Glasgow Farragut
Wakanda
Les Habitants
Yvonne Joyce Craig
a wax or clay base
Ruth Ellis
Looking Glass
Massachusetts
Kenny Rogers
Elton John
1903
Italy
New York City
Russia
Planet of the Apes
Stephan Douglas Jenkins
1816
HMHS Britannic
Sundance Head
Dorothy Dwan
New York City
Adam Driver
Snowball
1524
the Epistle to the Galatians
December 20 , 1946
Laura Jane Haddock
Horatio Spafford
pop
major
Christopher Plummer
1946
Jeremy Clarkson
Rex Harrison
Pyeongchang
John Krasinski ,
Basel , Switzerland
Theodore Roosevelt Jr.
John Amos
June 12 , 2015
the National Park Service
Neville Chamberlain
Jeremy Irons
1965
began in 1966
Qatar
Steven Spielberg
Miles Coverdale
the Great Irish Famine
approximately 70,800 juveniles were incarcerated
1975
586 BCE
The Eclipse of Thales
Carol Lawrence
Chromosomal crossover
on 15 January 2012
participants
Sumerian
Henri Tajfel
Rio de Janeiro
Scotland
February 15 , 1965
2019
East Pittsburgh , Pennsylvania
UCLA
Bruce Dold
September 1983
Brazil
nine minutes
10 December 1948
1977
in the Concho Valley
thorax
Wonga Philip Harris
development
Raja Todar Mal
Guildenstern
David Janssen
Entrada
Coconut water
Maureen Denise McCormick
Sun Yat - sen
June 1 , 2005
October 23 , 2015
Vancouver
Pauley Perrette
Wayne Cochran
endothelial cells
Inflammatory bowel disease
Juanita Hall
Rockwell
Canaanites
mnemonic
Oxygen
Sloane Stephens
Hades
Gisele Yashar
45
Alcatraz Island
Swindon , England
1984
Tasman Sea
Russ Ballard
Camp Crystal Lake
326
Croatia
Solomon Islands
September 10 , 1990
Josh Gad
reparation and rehabilitation
Solomon
March 2 , 1861
Robert Alda
Bob Saget
opera singer Paul Potts
late 1720s
June 18 , 1971
five
Isham Jones
10 May 1871
near Telluride , Colorado
Oh So Sharp
Seth MacFarlane
President
bills for raising revenue
1910
magnetos
Aretha Franklin
Women 's ice hockey
In season 1
Greg Edwards
Creed
Teresa Palmer
Brenton Wood
$31,099
Sam Hunt
David Ogden Stiers
2 October 2000
Jack Dee
Britt Robertson
115
12 December 1911
triple bonds
September 20 , 2016
Australia
Affectionately Yours
pressure
the large bowel
Pooh the swan
5
Martina Navratilova
Schadenfreude
The Prime Minister
Sam Elliott
viceroy Lord Irwin
12 October 2018
all the visitors
Temuera Morrison
March 8 , 2018
Southampton
vagina
The House of Representatives
Joshua
Isaac Cooper
Michigan
1967
Hannibal
$15.00
2017
Montgomery , Alabama
July 2017
Colin Arthur O'Donoghue
2016
Suspicious Minds
legislature
German Shepherd
Coupeville , Washington
1996
Lillehammer
South Bay
the British Government
polar
tree
Cincinnati , Ohio
the fourth season premiere
the retrocecal or pelvic region
Leviticus
1818
at least to the 1930s
November 12 , 2008
fruit fly
Robin Williams
Indiana
Sam Hogin
California
Sami Gayle
Blitzen
Sam Smith
acrostic
New York Yankees
Impasto
July 21 , 2007
redistribution of land
Galileo Galilei
season two
Antarctica
New York Yankees
October 20 , 2017
named after their oxides
Kanpur
November 1
Carnegie Steel Company
Tara Knowles
the Everly Brothers
5
June 23 , 2017
about 40 weeks
September 1 , 2008
Robin Lee
in 1993
stage manager
April 22 , 1993
November 3 , 2014
Same Old Lang Syne
22
1997
North American Plate
Confederate
penis
#
2,830 non-battle deaths
Mayor Shelbourne
Lauren Taft
Jerry Chesnut
Emperor Sher Shah Suri
Meat Loaf
1998 Winter Olympics
satellites
2008
1945
October 26 , 1985
well over $1.4 trillion
many countries
June 20 , 2006
36
quintuplets
West Indies
Danielle Deadwyler
Etta James
Speaker of the House
2017
1917
rigid
November 29 , 2017
1 April 1957
Rebecca Sara Newton
Chicago
Oliver North
April Michelle Bowlby
2018
Germany
2013
August 16 , 1999
Raven 's Home
1918
the Luzhniki Stadium in Moscow
American rapper Wiz Khalifa
Brian Wilson
Supplemental Nutrition Assistance Program
Phoenix
Tom Hanks
20 September 1993
16
Candle in the Wind
John Isner
December 22 , 2006
2005
seven to ten days
state - owned insurance group
Call of Duty
3 September 2013
Ernest Rutherford
peace
November through March
November 1 , 1994
Thurl Arthur Ravenscroft
1995
Denver , Colorado
Eddie Schwartz
bear
Johnny Nash
Mike Wheeler
France
present - day Cape Cod
William Mark Fagerbakke
painful
March or April
November 5 , 2017
Yes / No
Dr. Ambedkar
Juliet Mills
10 December 1948
Johnny MacRae
Zak Rizvi
Clay
November 26 , 1989
1871
Piper Laurie
red
26
1886
perfect fourths and fifths
Nine
During the American Revolutionary War
2017
Dan Stevens
139 pm
1951
Robert Duvall
George Foreman
May 6 , 2016
Reynolds
Andrés Iniesta
Don Felder
1947
Donovan
2006
Jas Waters
Prime Minister
April 10 , 1959
Hester v. United States
Rigoberto Urán
metacognition
November 7 , 2013
Jessie J
Dwayne Johnson
Liam Neeson
war and peace
Joe Cocker
October 2017
Vince Gill
Kobe Bryant
January
2018
Matt Lowe
1978
Sun
1944
Hatshepsut
Andy Murray
the mid-1950s
John Rawls
2015
Lori McKenna
Cindy Williams
Post-Impressionist
Octavio Eduardo Dotel Diaz
31 May 1961
synapsids
80 minutes
Stephen Chbosky and Evan Spiliotopoulos
SDF
estimated 2.3 million
Freelon Group
Pablo Picasso
September 20 , 2016
Wakanda
Michael Beldoch
Crosby , Stills and Nash
Donald Pierce
Arjuna
Wrightsville Beach , NC
Leslie Wilson
Tevye
David Frizzell
14th - century
Leslie Samuel Phillips
Axial precession
Madhubala
model Rachel Hunter
President James Madison
1939
Albrecht Dürer
Hank Williams , Jr.
Max Minghella
18
Third Sunday in June
Paige O'Hara
palindrome
South Africa
190,884
on 21 June
Saint Piran 's Flag
October 28 , 1886
Kyla - Drew Simmons
Carl
1787
Bryan Ronald Dattilo
New International Version
after September 15 , 2009
Krysten Ritter
September 7 , 2017
oracle at Delphi
to identify Canon 's lenses
London
3
The Leap
Lisa
the Union
The Coasters
McCartney
Janson
New York City
Toronto , Ontario
2
527,438
Vice President
10
Keira Knightley
1956
Glenn Frey
Stephen Curry
Royal Cheese
January 19 , 2018
the God of New Beginnings
2018
Gregory Peck
Nancy Birtwhistle
Nelsan Ellis
18 years old
Kisan Kanya
1990s
William James
St. Louis Rams
Sumitra Mahajan
AC Ocean Walk
Shai
Philadelphia ,
March 31 , 1987
13 October 1983
Fernández
Charles Wesley
Mark L. Young
Real Madrid
Spirit
Thors Military Academy
Node
2015
Mary Lynn Rajskub
on April 2 , 2018
AC Ocean Walk
synarthroses
Patrol Torpedo
Half - Blood Prince
Major
in the epididymis
newton
18
General Conference
Life As We Knew It
the Norwegian Nobel Committee
the Soviet Union
occasionally of silk
1800
October 6 , 2017
$43.10 billion
1991
Dieppe , France
Diane Warren
Greg Reeves
Roger Whittaker
2001
fall 2018
Alicia Keys
stomach
The Intolerable Acts
Absinthe
1993
Chicago
Manmohan Singh
Bruce Fisher
UCLA
bicarbonate
Congressman Paul Ryan from Wisconsin
Peter Claver Cullen
1989
J. Michael Finley
eastern Siberia
Ayda Field
Worth
John Millington Synge
Toby
eight times
Australia
Sunday , 2 September
Feld Entertainment
beware before
1733
1981
February 1 , 2017
the New York Yankees
English idiom
1534
Martin Short
2008
Dr APJ Abdul Kalam Road
George Gershwin
Timothy Donald Cook
about 480 million years ago
India
opioid addiction
April 15 , 1964
from 1920 to 1933
January 26 , 2003
Caribbean Sea
drought
March 6 , 1836
1972
1861
Claude - Michel Schönberg
Iran
Thomas Jefferson
Alan Menken
2018
Global Positioning System
February 23 , 2007
Francis Galton
229
Colin Gibson
R.E.M.
at Nationals Park
pain perdu
Acts of Parliament
Jonathan Freeman
361,088,090
Broca 's area
1787
homophonic
Brian Hilliard
50
sandstorm
1998
Julius Maada Bio
18
Barbados
ten
The President 's Guest House
Baltimore Ravens
Coulomb 's law
Robert D. Hare
1993
2020
Houston Astros
Nehemiah
1931
Auliʻi Cravalho
Animalism
Mahatma Gandhi
closer to major cities
Ann Bradford Davis
448
too competitive
Shimi
Khaled Abdel Ghaffar
Nettie Fowler
Naomi Osaka
after season 10
Theodore Roosevelt
more economical
four
the people of France
Rod Stewart
Zedd
Proofreading
President Calvin Coolidge
November 2001
1992
rhythm guitarist Tom Fogerty
The Capris
May 29 , 2018
The Bay of Pigs Invasion
in 1993
Kristolyn Lloyd
Bangalore city
Kerry
Ramin Karimloo
Eric Stuart
Ringo Starr
the Ken Darby Singers
October and November
Agnes Nangira Odhiambo
Secretary of State
December 1941
Alexander Hamilton
Bruce Springsteen
Maggie
6th century BCE
Citi Field
John Carpenter
Congress
Amber Stevens West
Eddie Orlofsky
7
Allen
Republicans
November 2 , 2018
a satire on Victorian society
Don Grady
February 20 , 2017
Horatio Spafford
Chris Blue
October 28 , 1886
2002
Nongthombam Biren Singh
Meryl Streep
Oscar Hammerstein II
eastern Asia
Frances Marion
Cillian Murphy
15 September 2017
Hinton Battle
orders from the Virginia Company
in Central Africa
106,143
18 May 1974
1986
New Orleans Pelicans
pine
December 17 , 1989
Hank Locklin
James Madison
rail cars
Wilkerson
9 September 2016
1927
1964
Joshua Regnall Stewart
the U.S.
Nathalie Kelley
Fremont
Shepperton Studios
April 1 , 2015
Gilbert Gottfried
Bobby Hatfield
bone marrow
Judith Light
Solar noon
transfer of computer files
Hypersalivation
1933
Mumbai , Maharashtra , India
Avicii
the Constitution sets no qualifications
Mohanlal
Deep Roy
July 14 , 2017
Joseph Brooks
Mayor Burnside
Macduff 's
Sydney Carton
supercharged
leather
United States
pilandok
King William III
Steve Bartman
the corbelled arch
Horatio Spafford
Chris Traeger
ten
Paco
August 1 , 2014
Houston
navigational map
Joseph Haydn
Eumycota
Lillo Brancato Jr.
India 's Yuvraj Singh
World War II
Wayne Newton
Sixty
defining symptom of pleurisy
22 October 1764
University of Minnesota Marching Band
Tori Kelly
Susan Stewart
Cudjoe Key
2018
February 6 , 2011
July 26 , 2015
Romeo Void
Hemant Brijwasi
Jonathan Breck
Talion
Bailee Madison
Napoleon
Taylor Swift
18 years
Kenny Chesney
Volcanic rocks
1965
380
D. Train
Natalya Sats
Pilot Corporation
Jonny Wilkinson
Rambo
the Willamette Valley in Oregon
1974
The Police
zygote
2013
Homer
10
15 October 2018
the 31st century
June 17 , 2009
Tina McIntyre
the auditor
Shin Lim
1925
2012
Andy Murray
1957
Huldrych Zwingli
CBS
2018
Pak Pong - ju
Orissa Province
11 December 1941
Jessica Simpson
September 28 , 2017
Article 16
near Springfield , Missouri
Section 51
solid
1960
Alphonse Bertillon
Harper Lee
1939
August 14 , 2018
1967
2018
Kislev
13
in some cases restoration
2005
The 2012 Summer Olympics
December 3 , 2009
Caroll Edwin Spinney
195
Chronic obstructive pulmonary disease
Kris Allen
Great Britain
France
Ralph Waldo Emerson 's
September 14 , 2002
Galleria dell'Accademia , Florence ,
Blue Magic
Ancient Greek literature
September 17 , 1787
Shirley Chisholm
Brantley Gilbert
May
December 28 , 2016
1858
Boris Johnson
c. 1000 BCE
Kevin Sussman
Textile industry
Caity Lotz
Michael Joseph Farrell Jr.
Gold Coast , Australia
Wild Adapter
March 1 , 1781
Uruguay
Connecticut
Timothy B. Schmit
Tracy Lawrence
Martina McBride
Dwight
the 113th minute
1930
in the series finale
Paris , France
Buffalo Springfield
Dakota Fanning
business process
catalyst
Nine Elms
Snow Hill School in Connecticut
Rubeus Hagrid
Clare 's brother
a London studio
September 15 to October 15
2004
Adam West
in Rural Valley
John Partridge
Oakland Raiders
Marty Robbins
August 28 , 2018
April 15 , 2017
Sadi Carnot
John Stafford Smith
1886
Will Smith
Usain Bolt
James Madison
between 1590 and 1592
about 170 species
February 1 , 2017
Gertrude Stein
eight
Akeem Olajuwon
Yip Harburg
January 1 , 2018
1903
Apparent retrograde motion
Thai
Genevieve Goings
a wild Pikachu
October 1982
the United States
12
The West Siberian Plain
Norman Gimbel
Classics IV
May 18 , 1980
21 April 1983
Christopher Judge
Ridge
RNA
1967
2006
26 August 1989
Aubrey Harold Woods
Patsy Bruce
King 's College
Cassius Marcellus Coolidge
September 2008
Christa Beatrice Miller
Hagar
anus
eastward
tiger
between $10,000 and $30,000
Seventeenth Amendment
Jack Michel
2018
May 22 , 2020
Jennifer Holliday
1975
Robert Lamm
Panama
Richard Nixon
Downcutting
Pawan Chamling
Jagan Nath Kaul
William Shakespeare
as early as 1802
Stalin
develops multidisciplinary curriculum
64 teams
five times
Big Daddy Kane
Polar Bear
being faithful
William
Jessica Biel
The Second Amendment
friendship and love
The bridge
Shiva
Rockmond Dunbar
prior to 400 CE
June 22 , 2018
The River Kwai March
The County of Holland
thigh
Edward Smith
foreign policy issues
12 December 1991
small intestine
Frances Elizabeth Bavier
sleepy Midwestern town
Benjamin Linus
Amy Winehouse
February 3 , 2017
crushing in food preparation
in 2559
Björn Borg
Doug Davidson
2024
Richmond
Steve Goodman
season 5
American vocal group Sister Sledge
Pliocene
December 15 , 2017
The Fields Medal
Dick James
psoas major muscle
25
September 20 , 2016
Prasoon Joshi
Mogen David
fourth
mass per unit volume
Kittur Chennamma
Jonathan Adam Saunders Baruchel
Honolulu , Hawaii
Preston , Idaho
the right wingtip leading edge
August 21 , 2017
1921
100
Yentl
Jim Weatherly
Julie Andrews
2000
France ,
2.6 million years ago
nuclear
lyrics by Dorothy Fields
releases hyaluronidase and acrosin
1986
ragtime
the Beatles
Irvine , California
November 29
France
Independence Hall
1945
Fran Tarkenton
biometric ID system
September 10 , 2018
long - distance running
September 7 , 2017
Ernie
a young Rubeus Hagrid
Rihanna
16
Steven Spielberg
Master Sergeant
percent sign ( % )
1978
He Could Be The One
Leukocyte extravasation
Jason Donovan
1839
Chris Clark
Sreekumaran Thampi
Elizabeth Leefolt
Natalie Cole
July 4 , 1966
Paige O'Hara
23
18 years or older
AT&T Stadium in Arlington
April 12 , 1929
The Cubs
July 1 , 1971
a fictional aphrodisiac
1989
next to each other
Coralline algae
large
Worthington Valley , Maryland
Daniel Jacob Radcliffe
Governor General
Brungart
parallel flow
electrons from NADH and FADH2
December 22 , 2017
American singer Donny Osmond
101,643
August 1 , 1916
Tina Marie Majorino
April 6 , 1917
the TD Garden
Christa B. Allen
Dallas Cowboys
26 April 1999
anonymous character
Hideki Tojo
ten
1995
1990
The Peasall Sisters
Dave Dudley
1840
preovulatory stage
Prasoon Joshi
Sir Edward Elgar
Jupiter
veto power over council votes
traditional image
the fourth - century
fictitious Snow Hill School
Dutch
Anamudi
The Roosevelt Corollary
Catherine
Isabel
Nav
Sir Simon
516 BCE
Land
Manhattan
Utopia , Texas
University of Pittsburgh
1992
1996
Alternating current
Fernando Valenzuela
14 and 15 August 1945
English band James
Mike Slattery
Pittsburgh Steelers
Chicago Bulls
legal
Quiksilver
India
1981
13 February
1949
3 %
three
John Keats
Mark - Paul Harry Gosselaar
2018
Charles Dickens
Austria
Patriots
Washington , D.C.
Madame Giry
force
fifth - century
The Hollies
Lyndon B. Johnson Space Center
a single - runway airport
2004
Heaven
Alluri Sitarama Raju
Max Weber
cosmic year
1911
Tatyana Marisol Ali
free exercise of religion
Jason Isaacs
1966
Collabro
1965
June 22 , 2018
Lori Alan
Liberty State Park
Chicago Bears
Margaret Brainard Hamilton
American dish
October 13 , 2017
Maharaja Ranjit Singh
Emma Lazarus
Hans Zimmer
Diodorus Siculus
seventh in the country
Resurrection of the dead
1962
Gottfried Wilhelm Leibniz
Pardner
Elena Kagan
Mason Vale Cotton
no wind
7th
Whitesnake
Puebla
1979
Miami Dolphins
Daniel Boone
glyph
Giorgio Tozzi
24,733
largest
posterior arch
New England
Cambodia
Emperor Kōmei
Ferris wheel
Jersey Boys
non-Hodgkin's lymphoma
1875
Fred O'Bannion
1803
De La Hoya
Joe Burke
Socrates
1983
Mike Needle
May 29 , 2018
Glenne Headly
The Imperial German Army
Haskell
Nicholas Simon Lyndhurst
Casey Kelly
Mark - Paul Harry Gosselaar
James Dornan
The Return of the King
Eric Clapton
Maureen Denise McCormick
Mick Jagger
11
biscuit - sized cakes
Denver , Colorado
Investment or capital accumulation
act utilitarianism and rule utilitarianism
30 April 1975
Benjamin Harrison
Lupe
the first - season finale
the 1950s
1875
Robert Reiner
Carrie Ann Inaba
Germany
invisibility
Bob Marley and the Wailers
Phil Murphy
1952
China
Atlanta , Georgia
between the lungs
North Central region
heathland surrounding Locks Farm
Esai Morales
Thomas Jefferson
Tom Hardy
7
Sebastian Kurz
October 28 , 1886
Meriwether Lewis and William Clark
Strom Thurmond
Genelia D'Souza
Robert Kelker - Kelly
Ehrmann
February 13 , 2015
Kristen Stewart
Yankee Doodle
2008
13
David Dundas
two
The Beatles
October 5 , 2018
outfielder
Jerry Jeff Walker
Peter Andrew Beardsley MBE
magistrate
Steve Goodman
Rachel Shelley
Serena Williams
Ken Kesey
$3,995
May 17 , 2001
Sweet Pea
Neil Patrick Harris
divergent plate boundary
Sarah Chalke
Taylor Kitsch
Ethan
Ray Bolger
Kerry
seawater
Nova Bordelon
Cassandra Cooper Ingalls
Independent Parliamentary Standards Authority
Jean Arthur
Mathew Fraser
Andrija Mohorovičić
Thomas Alva Edison
Marquis de Lafayette
India
resistance
address bar
Anne Ramsey
General Nathanael Greene
Taylor Lautner
Vito Corleone
The temporal lobe
Banks
29 November 1963
Andrew J. West
23 February 2018
1984
Collie
Olivia Rose Keegan
Stan Lee
Lucio San Pedro
Emily Blunt
Khrystyne Kamil Haje
Wilmer Eduardo Valderrama
1990
Pitch Perfect 3
the Amish
Ledger
Brian Francis Connolly
Jeremy Irons
Sarah Drew
Kunj
England
mass spectrometry
Francis Scott Key
born again
is violated
Max Records
July 16 , 2017
Dove Cameron
eight
April 21 , 2000
Hal David
Woke Up This Morning
By the 2nd century AD
July 16 , 2017
the Babylonians
8.6 %
20.95 % oxygen
Millie Bobby Brown
Sergei Prokofiev
six
Rowley
Windsor
The Brothers Johnson
John Stafford Smith
South Korea
The Czechs
1966
mid-1990s
January 26 , 2003
Pinellas County
rags and other plant fibers
May 1 , 2007
Saint Joseph
right ventricle
Richard O'Brien
classical antiquity
John Talfryn Thomas
Durning
Annandale , Dumfriesshire , Scotland
April 10 , 2009
General Surgery
Jimmy Boyd
loud noises
Blair Redford
April 2011
White Pine Bay , Oregon
The Stone Age
the Federal Reserve
Jim Carrey
Liz Callaway
Cleveland Cavaliers
Jim Steinman
Secretary of State
prohibition of alcoholic beverages
July 8 , 1933
Chicago White Stockings
Thomas Bracken
Devendra Jhajharia
eagle
Preferred Hotels & Resorts
Henri Dutrochet
Roseanne Barr
The Mavericks
Jaideep Ahlawat
Nicolas - Joseph Cugnot
1963
Barbara Rosenblat
American reality television series
Olivia O'Brien
António Egas Moniz
Dinah Washington
Dolly Parton
ploughman
April 17 , 2011
1969
airborne ( parachute ) organizations
Brian May
Brooklyn Rae Silzer
107 BC
enforcing racially separated educational facilities
Samuel George Claflin
Gale
George Foyet
1925
KOD
Paul Young
six manned U.S. landings
2 Samuel
Amanda Jo Abizaid
Harry Nilsson
Natarajan Chandrasekaran
the Greek sculptor Phidias
1994
Bombay
66
Baltimore Ravens
from 1861 to 1865
Robin Williams
loader
WinStar World Casino and Resort
gravity
Ellie Bamber
April 2015
Joan Cusack
Michael Rooker
Heinkel
the ranger Talion
1968
Joan Ferguson
1964
Spain national team .
the cleavage process
Gerry Bertier
Century City , Los Angeles
New York City
October 1941
Naima Mora
Liam Neeson
Lee Meriwether
Yongle Emperor
strong community ethic
Hunter Haley King
the cytoplasm
1936
the protection of church rights
The Shepherd Boy
Grey DeLisle
Gal Gadot
31 March 2018
on the thylakoid membranes
Austin , Texas
1982
Orleans
The Hollies
2010
Rome , New York
Tim Allen
Transference
1907
Indigenous peoples
1994
Senate Judiciary Committee
Bon Scott
Katie Crown
the third Sunday in July
the RUF
Will Sampson
Richard Shannon Hoon
2009
1925
Around 1860
Pennsylvania
Donny Osmond
United States Military Academy
Anabolic steroids
big - box stores
Julia Stiles
flight attendant Max Horvath
Lee Greenwood
Haven Burton
January 2019
2011
Pisa
James Marsden
bales
William Sayle
20
West Virginia Mountaineers
Rich Porter
Cameron Smith
Mary Jo Catlett
Sarah Chalke
2011
the Government of India
Treyarch
November 7 , 2017
Nadiya Hussain
Minneapolis , Minnesota
1991
Bruce Campbell
1982
sting
M. Suryanarayan
Lorraine Bracco
Welsh poet Dylan Thomas
Paul McCoy
Simple Minds
Tom Selleck
Isaac Newton
December 23 , 2008
Jens Stoltenberg
Emma Lazarus
poetry
August 21 , 1987
A Doctor of Medicine
before 2 January 1915
New Mexico
four
Benjamin Hanby
Fred Neil
Sméagol
Tybee Island , Georgia
16 November 2001
circa 1550
retrotransposition
Italian fascism in the 1920s
membrane
10
Too Young
Simon
frontal lobe
Timothy B. Schmit
protrudes from the cell body
Johnny Depp
after it airs
1 January 1993
in 1974
1933 -- 35
29 April 1770
Parliament - Funkadelic
Bull Terrier
1984
Joyce Randolph
fibula
almost every state
Chicago
Joe Woods
Michael J. Fox
Scribblenauts
2008
1
cerebral cortex
Davidson College
2000 - 2001
Leonardo da Vinci
Venezuela
Gwen Verdon
Auliʻi Cravalho
the Dominican Republic
Jefferson Davis
Keith Hampshire
Radial symmetry
the third side
1960s
by the 20 member clubs
137
Republic of Bosnia and Herzegovina
the borrower / trustor
Southern California high school
the Las Vegas Sands corporation
Eddie Rabbitt
Scott Grimes
October 3
Robert Browning
motorcycle club
Deandre Ayton
April 15 , 2018
April 8 , 2018
the House of Representatives
February 2 , 1999
Cities
President Franklin D. Roosevelt
Lori McKenna
Africa
1981
January 16 , 2013
Humpty Alexander Dumpty
The Virginia Plan
Minnesota Wild
Hudson River
Daron Nefcy
1974
Daniel
John Eric Winchester
Palmeiras
Pope Julius II
Super High Output
Halsey
Kamal Haasan
the virtue of Holiness
carbon - carbon
over 18 quintillion
Doug Ford
Carol Ann Susi
May 22 , 1915
William Boyde
sella turcica
Bandi Rajan Babu
Robert Taylor
Andmesh Kamaleng
Huddersfield Narrow
Atlanta , Georgia , USA
William Howard Taft
Julie Payette
8 March 1965
1769
Canadian singer Leonard Cohen
the Beach Boys
1848
2008
Brazil
1686
February 13 , 2015
2017
January 24 , 2016
Cyndi Lauper
McDonald 's Corporation
Rituraj Mohanty
December 7 , 1979
Brittany Cherry
Alaska
1976
Thea
24 ppqn
Jace Everett
Zenon Pylyshyn
Canada
Stacy Haiduk
Prince
Yellow River in China
Jeri Lynn Ryan
Tiger Stadium
Geoff Blum
Alec Baldwin
anthropomorphic monkey
1985
Thomas Mitchell
Keith Thomas
heterogeneous
South Africa
Nebraska
rectifier
February 24 , 2017
Pusha T
Ashley Jensen
Braun Strowman
2005
13.5 %
June 2 , 2017
English Baroque
1980s
Anglo - Saxon
ancient Greece
Cleveland , Ohio
Chyler Leigh
Huey ' Piano ' Smith
1943
Tyntesfield , near Bristol
witch
Gareth
lower belly
Tunnels Beach , Kauai
32 GB
Alabama
Southern slave - holding interests
2011
100
July 4 , 1946
18 years or older
The Charlie Daniels Band
Robert Duvall
Annette Warren
Age of Enlightenment
late 56 / early 57
Netherlands
query
16 episodes
House of Commons
Hemant Brijwasi
John Augustus
late 1990s
clay tablet
January 12 , 1971
Stephen Curry
Simon Peter
R. Kelly
culinary contexts
776 BC
Real Madrid
soon after birth
artery
University of Nebraska
Edmund Muskie
endoplasmic reticulum
low cost
Maharishi Dayanand Saraswati
June and July 2017
15 May 2004
2004
subtropical
Thomas Babington Macaulay
October 28 , 1886
102
Kevin Kline
Troy Edward Baker
1876
Sebastian Stan
Johannes Kepler
a robot
Lollywood
sea - blue
20 March 2018
Honeysuckle Rose
novel
Thirty - four
ASCII
1980
Thursday , March 29
fifth season
Craig Morgan
Wakanda
Qatar
Decantation
precipitation
suicidal feelings
E.G. Daily
Ringo Starr
Endochondral ossification
Charles Darwin
target market
Orrin Hatch
Ben Miller
Gabriel Narutowicz
İstanbul
tympani bone
Dan Stevens
Tali
12
probable cause
U.S. Congress
1521 to 1898
Laura Fraser
David Timothy Scarboro
Anaheim Stadium in Anaheim
Kansas
Alaknanda River
Paul Zerdin
Epistle to Ramsay
Plain view
16 December 1995
Mājuli or Majoli
William Thomas Sadler
Spain
Jones
July 4 , 1776
4 May 2018
The Partridge Family pop group
George Peppard
Thomas Jefferson
Gabrielle Union
2013
receptionist Pam Beesly
Chicago Cubs
Carl Smith
1,600
Himadri Station
Christians
1967
New Zealand dollar
alkanes
Shawnee
2002
1978
the President
Professional Plus
June 27
Necessity
Subhas Chandra Bose
Cairn terrier
Yogi Berra
helium
between 1652 and 1674
Flo Rida
$94.14 million
Galway
Bangladesh
Pacquiao
1959
June 2017
Olivia Cooke
cerebrum
Weekly
Singapore
Dr APJ Abdul Kalam
Wendy Crewson
Phil Kiko
10th century CE
the Legislature
Sub-Saharan nation in West Africa
May 11 , 2011
April 11 , 1899
Dan Stevens
the CCP
French victory
John Joseph Haley Jr
isolationist
Gabriel Luna
Thomas Jefferson
Miko John Hughes
Pakistan
19 BCE
dioptre
The U.S.
Queen Victoria
Dan Stevens
1945
season 6 finale
1986
1957
Georgia Allen
Luke the Evangelist
John Muir
Sanket Gaonkar
Waitangi
begun in 1296
Kylie Minogue
four
Karl Benz
Xi Jinping
Bill Medley
1913
Jonathan Freeman
LeBron James
enrolled voters
Leonard Frey
fifteen
Atticus Finch
f - block
the evening of December 24
Mexico
Queens
Alexander Hamilton
1974
Isaac Newton
Kimberly Rhodes
1887
Prime Minister
Lana Thomas
1957
Ivan Cleary
circular
September 22 , 2017
religious freedom
UK
1854
Gregorian mission
five years (
Swiss banking industry
Jean - Jacques Rousseau
the Pendleton Act
October 27 , 2017
2005
1828
August 9
France
1986
Michael David Rapaport
Peyton
Qhorin
broadcasting and telecommunications
the people of France
master patient index
Brazil
Seattle
Randy Newman
euryhaline
Damon
Joe Diffie
the Marines
Jan. 1969
Brook Benton
2011
President Grover Cleveland
Claude Joseph Rouget de Lisle
Ken Olin
Michael Damian
streaming media
Mary Jo Catlett
Ivo Karlović
Radar
Constance Shulman
obesity
1984
James Taylor
2007
Daryl Sabara
Narrator
George Washington
Cress Williams
Pretty Little Liars
Bulgaria
over 6,000 years
Consumer Value Store
forty years old
1926
1936
Eagle Jump
Full hydrogenation
Kris Kristofferson
John Carroll Lynch
Majority Leaders
the mouthpieces
autostereogram
Presidency University , Kolkata
Early on December 15
Vitamin D
the 1928 Summer Olympics
September 7 , 2017
Jodi Marie Marzorati Benson
Chris Hemsworth
Richard Hartley
Graham Chapman
Brooklyn
Alabama
its shoulder patch
Robert Goulet
Miguel 's brother Hector
Antoine Lavoisier
12 January 2008
1960
60 %
to the left
Haddaway
Hoyt Axton
Bharat Ram
Los Angeles
Elvin Bishop
The Seneca Falls Convention
2
Machiavelli
Herodotus
Russia
Paul Rice
November 15 , 2011
Canals - Barrera
Battle of Cajamarca
blood
rebuilding and enhancing
The Hunger Games
2020
Pakistan
1995
Franklin Lakes , New Jersey
Elizabeth Perkins
Gary Oldman
Langston Hughes
Mark Lowry
2013
Lower Mainland in Vancouver
München Hauptbahnhof
Adam Schlesinger
Department of Justice
Nadiya Hussain
Oprah Winfrey Network
Stoick
Dusty Springfield
November 2 , 2003
Lager
The Miracles
Charles , Prince of Wales
Medicare Part A
Elmer J. Fudd
Cartwright
1920
Stuart Hamblen
Jennifer Youngs
15 January 1956
Boston , Massachusetts
Alicia Sanderson Edwards
Burt Ward
Christian Peter Coulson
Guanajuato , Mexico
Lee Hazlewood
July 26 , 1948
William Thornton
Joseph G. McCoy
Brad William Henke
honey
September 25 , 2017
May 18 , 2018
John DiMaggio
Annie Get Your Gun
Kissy Suzuki
convergent boundary
Aliona Savchenko and Bruno Massot
Annapurna Studios , Hyderabad
1971
testicles
Abraham Harold Maslow
1988
Lauren Taft
